// Jest Snapshot v1, https://jestjs.io/docs/snapshot-testing

exports[`groupCutsByResults groups cuts with same points across all categories plus zero-point group 1`] = `
[
  {
    "cutCount": 2,
    "cuts": [
      {
        "count": 1,
        "rank": 0,
        "rankLabel": "A",
        "suit": "♣",
      },
      {
        "count": 2,
        "rank": 1,
        "rankLabel": "2",
        "suit": "♦",
      },
    ],
    "fifteensPoints": 2,
    "flushesPoints": 0,
    "nobsPoints": 0,
    "pairsPoints": 4,
    "runsPoints": 0,
    "totalPoints": 6,
  },
  {
    "cutCount": 50,
    "cuts": [
      {
        "count": 2,
        "rank": 1,
        "rankLabel": "2",
        "suit": "♣",
      },
      {
        "count": 3,
        "rank": 2,
        "rankLabel": "3",
        "suit": "♣",
      },
      {
        "count": 4,
        "rank": 3,
        "rankLabel": "4",
        "suit": "♣",
      },
      {
        "count": 5,
        "rank": 4,
        "rankLabel": "5",
        "suit": "♣",
      },
      {
        "count": 6,
        "rank": 5,
        "rankLabel": "6",
        "suit": "♣",
      },
      {
        "count": 7,
        "rank": 6,
        "rankLabel": "7",
        "suit": "♣",
      },
      {
        "count": 8,
        "rank": 7,
        "rankLabel": "8",
        "suit": "♣",
      },
      {
        "count": 9,
        "rank": 8,
        "rankLabel": "9",
        "suit": "♣",
      },
      {
        "count": 10,
        "rank": 9,
        "rankLabel": "10",
        "suit": "♣",
      },
      {
        "count": 10,
        "rank": 10,
        "rankLabel": "J",
        "suit": "♣",
      },
      {
        "count": 10,
        "rank": 11,
        "rankLabel": "Q",
        "suit": "♣",
      },
      {
        "count": 10,
        "rank": 12,
        "rankLabel": "K",
        "suit": "♣",
      },
      {
        "count": 1,
        "rank": 0,
        "rankLabel": "A",
        "suit": "♦",
      },
      {
        "count": 3,
        "rank": 2,
        "rankLabel": "3",
        "suit": "♦",
      },
      {
        "count": 4,
        "rank": 3,
        "rankLabel": "4",
        "suit": "♦",
      },
      {
        "count": 5,
        "rank": 4,
        "rankLabel": "5",
        "suit": "♦",
      },
      {
        "count": 6,
        "rank": 5,
        "rankLabel": "6",
        "suit": "♦",
      },
      {
        "count": 7,
        "rank": 6,
        "rankLabel": "7",
        "suit": "♦",
      },
      {
        "count": 8,
        "rank": 7,
        "rankLabel": "8",
        "suit": "♦",
      },
      {
        "count": 9,
        "rank": 8,
        "rankLabel": "9",
        "suit": "♦",
      },
      {
        "count": 10,
        "rank": 9,
        "rankLabel": "10",
        "suit": "♦",
      },
      {
        "count": 10,
        "rank": 10,
        "rankLabel": "J",
        "suit": "♦",
      },
      {
        "count": 10,
        "rank": 11,
        "rankLabel": "Q",
        "suit": "♦",
      },
      {
        "count": 10,
        "rank": 12,
        "rankLabel": "K",
        "suit": "♦",
      },
      {
        "count": 1,
        "rank": 0,
        "rankLabel": "A",
        "suit": "♥",
      },
      {
        "count": 2,
        "rank": 1,
        "rankLabel": "2",
        "suit": "♥",
      },
      {
        "count": 3,
        "rank": 2,
        "rankLabel": "3",
        "suit": "♥",
      },
      {
        "count": 4,
        "rank": 3,
        "rankLabel": "4",
        "suit": "♥",
      },
      {
        "count": 5,
        "rank": 4,
        "rankLabel": "5",
        "suit": "♥",
      },
      {
        "count": 6,
        "rank": 5,
        "rankLabel": "6",
        "suit": "♥",
      },
      {
        "count": 7,
        "rank": 6,
        "rankLabel": "7",
        "suit": "♥",
      },
      {
        "count": 8,
        "rank": 7,
        "rankLabel": "8",
        "suit": "♥",
      },
      {
        "count": 9,
        "rank": 8,
        "rankLabel": "9",
        "suit": "♥",
      },
      {
        "count": 10,
        "rank": 9,
        "rankLabel": "10",
        "suit": "♥",
      },
      {
        "count": 10,
        "rank": 10,
        "rankLabel": "J",
        "suit": "♥",
      },
      {
        "count": 10,
        "rank": 11,
        "rankLabel": "Q",
        "suit": "♥",
      },
      {
        "count": 10,
        "rank": 12,
        "rankLabel": "K",
        "suit": "♥",
      },
      {
        "count": 1,
        "rank": 0,
        "rankLabel": "A",
        "suit": "♠",
      },
      {
        "count": 2,
        "rank": 1,
        "rankLabel": "2",
        "suit": "♠",
      },
      {
        "count": 3,
        "rank": 2,
        "rankLabel": "3",
        "suit": "♠",
      },
      {
        "count": 4,
        "rank": 3,
        "rankLabel": "4",
        "suit": "♠",
      },
      {
        "count": 5,
        "rank": 4,
        "rankLabel": "5",
        "suit": "♠",
      },
      {
        "count": 6,
        "rank": 5,
        "rankLabel": "6",
        "suit": "♠",
      },
      {
        "count": 7,
        "rank": 6,
        "rankLabel": "7",
        "suit": "♠",
      },
      {
        "count": 8,
        "rank": 7,
        "rankLabel": "8",
        "suit": "♠",
      },
      {
        "count": 9,
        "rank": 8,
        "rankLabel": "9",
        "suit": "♠",
      },
      {
        "count": 10,
        "rank": 9,
        "rankLabel": "10",
        "suit": "♠",
      },
      {
        "count": 10,
        "rank": 10,
        "rankLabel": "J",
        "suit": "♠",
      },
      {
        "count": 10,
        "rank": 11,
        "rankLabel": "Q",
        "suit": "♠",
      },
      {
        "count": 10,
        "rank": 12,
        "rankLabel": "K",
        "suit": "♠",
      },
    ],
    "fifteensPoints": 0,
    "flushesPoints": 0,
    "nobsPoints": 0,
    "pairsPoints": 0,
    "runsPoints": 0,
    "totalPoints": 0,
  },
]
`;

exports[`groupCutsByResults handles cuts that only contribute to pairs category plus zero-point group 1`] = `
[
  {
    "cutCount": 1,
    "cuts": [
      {
        "count": 10,
        "rank": 11,
        "rankLabel": "Q",
        "suit": "♠",
      },
    ],
    "fifteensPoints": 0,
    "flushesPoints": 0,
    "nobsPoints": 0,
    "pairsPoints": 6,
    "runsPoints": 0,
    "totalPoints": 6,
  },
  {
    "cutCount": 51,
    "cuts": [
      {
        "count": 1,
        "rank": 0,
        "rankLabel": "A",
        "suit": "♣",
      },
      {
        "count": 2,
        "rank": 1,
        "rankLabel": "2",
        "suit": "♣",
      },
      {
        "count": 3,
        "rank": 2,
        "rankLabel": "3",
        "suit": "♣",
      },
      {
        "count": 4,
        "rank": 3,
        "rankLabel": "4",
        "suit": "♣",
      },
      {
        "count": 5,
        "rank": 4,
        "rankLabel": "5",
        "suit": "♣",
      },
      {
        "count": 6,
        "rank": 5,
        "rankLabel": "6",
        "suit": "♣",
      },
      {
        "count": 7,
        "rank": 6,
        "rankLabel": "7",
        "suit": "♣",
      },
      {
        "count": 8,
        "rank": 7,
        "rankLabel": "8",
        "suit": "♣",
      },
      {
        "count": 9,
        "rank": 8,
        "rankLabel": "9",
        "suit": "♣",
      },
      {
        "count": 10,
        "rank": 9,
        "rankLabel": "10",
        "suit": "♣",
      },
      {
        "count": 10,
        "rank": 10,
        "rankLabel": "J",
        "suit": "♣",
      },
      {
        "count": 10,
        "rank": 11,
        "rankLabel": "Q",
        "suit": "♣",
      },
      {
        "count": 10,
        "rank": 12,
        "rankLabel": "K",
        "suit": "♣",
      },
      {
        "count": 1,
        "rank": 0,
        "rankLabel": "A",
        "suit": "♦",
      },
      {
        "count": 2,
        "rank": 1,
        "rankLabel": "2",
        "suit": "♦",
      },
      {
        "count": 3,
        "rank": 2,
        "rankLabel": "3",
        "suit": "♦",
      },
      {
        "count": 4,
        "rank": 3,
        "rankLabel": "4",
        "suit": "♦",
      },
      {
        "count": 5,
        "rank": 4,
        "rankLabel": "5",
        "suit": "♦",
      },
      {
        "count": 6,
        "rank": 5,
        "rankLabel": "6",
        "suit": "♦",
      },
      {
        "count": 7,
        "rank": 6,
        "rankLabel": "7",
        "suit": "♦",
      },
      {
        "count": 8,
        "rank": 7,
        "rankLabel": "8",
        "suit": "♦",
      },
      {
        "count": 9,
        "rank": 8,
        "rankLabel": "9",
        "suit": "♦",
      },
      {
        "count": 10,
        "rank": 9,
        "rankLabel": "10",
        "suit": "♦",
      },
      {
        "count": 10,
        "rank": 10,
        "rankLabel": "J",
        "suit": "♦",
      },
      {
        "count": 10,
        "rank": 11,
        "rankLabel": "Q",
        "suit": "♦",
      },
      {
        "count": 10,
        "rank": 12,
        "rankLabel": "K",
        "suit": "♦",
      },
      {
        "count": 1,
        "rank": 0,
        "rankLabel": "A",
        "suit": "♥",
      },
      {
        "count": 2,
        "rank": 1,
        "rankLabel": "2",
        "suit": "♥",
      },
      {
        "count": 3,
        "rank": 2,
        "rankLabel": "3",
        "suit": "♥",
      },
      {
        "count": 4,
        "rank": 3,
        "rankLabel": "4",
        "suit": "♥",
      },
      {
        "count": 5,
        "rank": 4,
        "rankLabel": "5",
        "suit": "♥",
      },
      {
        "count": 6,
        "rank": 5,
        "rankLabel": "6",
        "suit": "♥",
      },
      {
        "count": 7,
        "rank": 6,
        "rankLabel": "7",
        "suit": "♥",
      },
      {
        "count": 8,
        "rank": 7,
        "rankLabel": "8",
        "suit": "♥",
      },
      {
        "count": 9,
        "rank": 8,
        "rankLabel": "9",
        "suit": "♥",
      },
      {
        "count": 10,
        "rank": 9,
        "rankLabel": "10",
        "suit": "♥",
      },
      {
        "count": 10,
        "rank": 10,
        "rankLabel": "J",
        "suit": "♥",
      },
      {
        "count": 10,
        "rank": 11,
        "rankLabel": "Q",
        "suit": "♥",
      },
      {
        "count": 10,
        "rank": 12,
        "rankLabel": "K",
        "suit": "♥",
      },
      {
        "count": 1,
        "rank": 0,
        "rankLabel": "A",
        "suit": "♠",
      },
      {
        "count": 2,
        "rank": 1,
        "rankLabel": "2",
        "suit": "♠",
      },
      {
        "count": 3,
        "rank": 2,
        "rankLabel": "3",
        "suit": "♠",
      },
      {
        "count": 4,
        "rank": 3,
        "rankLabel": "4",
        "suit": "♠",
      },
      {
        "count": 5,
        "rank": 4,
        "rankLabel": "5",
        "suit": "♠",
      },
      {
        "count": 6,
        "rank": 5,
        "rankLabel": "6",
        "suit": "♠",
      },
      {
        "count": 7,
        "rank": 6,
        "rankLabel": "7",
        "suit": "♠",
      },
      {
        "count": 8,
        "rank": 7,
        "rankLabel": "8",
        "suit": "♠",
      },
      {
        "count": 9,
        "rank": 8,
        "rankLabel": "9",
        "suit": "♠",
      },
      {
        "count": 10,
        "rank": 9,
        "rankLabel": "10",
        "suit": "♠",
      },
      {
        "count": 10,
        "rank": 10,
        "rankLabel": "J",
        "suit": "♠",
      },
      {
        "count": 10,
        "rank": 12,
        "rankLabel": "K",
        "suit": "♠",
      },
    ],
    "fifteensPoints": 0,
    "flushesPoints": 0,
    "nobsPoints": 0,
    "pairsPoints": 0,
    "runsPoints": 0,
    "totalPoints": 0,
  },
]
`;

exports[`groupCutsByResults handles cuts that only contribute to runs category plus zero-point group 1`] = `
[
  {
    "cutCount": 1,
    "cuts": [
      {
        "count": 10,
        "rank": 12,
        "rankLabel": "K",
        "suit": "♣",
      },
    ],
    "fifteensPoints": 0,
    "flushesPoints": 0,
    "nobsPoints": 0,
    "pairsPoints": 0,
    "runsPoints": 8,
    "totalPoints": 8,
  },
  {
    "cutCount": 51,
    "cuts": [
      {
        "count": 1,
        "rank": 0,
        "rankLabel": "A",
        "suit": "♣",
      },
      {
        "count": 2,
        "rank": 1,
        "rankLabel": "2",
        "suit": "♣",
      },
      {
        "count": 3,
        "rank": 2,
        "rankLabel": "3",
        "suit": "♣",
      },
      {
        "count": 4,
        "rank": 3,
        "rankLabel": "4",
        "suit": "♣",
      },
      {
        "count": 5,
        "rank": 4,
        "rankLabel": "5",
        "suit": "♣",
      },
      {
        "count": 6,
        "rank": 5,
        "rankLabel": "6",
        "suit": "♣",
      },
      {
        "count": 7,
        "rank": 6,
        "rankLabel": "7",
        "suit": "♣",
      },
      {
        "count": 8,
        "rank": 7,
        "rankLabel": "8",
        "suit": "♣",
      },
      {
        "count": 9,
        "rank": 8,
        "rankLabel": "9",
        "suit": "♣",
      },
      {
        "count": 10,
        "rank": 9,
        "rankLabel": "10",
        "suit": "♣",
      },
      {
        "count": 10,
        "rank": 10,
        "rankLabel": "J",
        "suit": "♣",
      },
      {
        "count": 10,
        "rank": 11,
        "rankLabel": "Q",
        "suit": "♣",
      },
      {
        "count": 1,
        "rank": 0,
        "rankLabel": "A",
        "suit": "♦",
      },
      {
        "count": 2,
        "rank": 1,
        "rankLabel": "2",
        "suit": "♦",
      },
      {
        "count": 3,
        "rank": 2,
        "rankLabel": "3",
        "suit": "♦",
      },
      {
        "count": 4,
        "rank": 3,
        "rankLabel": "4",
        "suit": "♦",
      },
      {
        "count": 5,
        "rank": 4,
        "rankLabel": "5",
        "suit": "♦",
      },
      {
        "count": 6,
        "rank": 5,
        "rankLabel": "6",
        "suit": "♦",
      },
      {
        "count": 7,
        "rank": 6,
        "rankLabel": "7",
        "suit": "♦",
      },
      {
        "count": 8,
        "rank": 7,
        "rankLabel": "8",
        "suit": "♦",
      },
      {
        "count": 9,
        "rank": 8,
        "rankLabel": "9",
        "suit": "♦",
      },
      {
        "count": 10,
        "rank": 9,
        "rankLabel": "10",
        "suit": "♦",
      },
      {
        "count": 10,
        "rank": 10,
        "rankLabel": "J",
        "suit": "♦",
      },
      {
        "count": 10,
        "rank": 11,
        "rankLabel": "Q",
        "suit": "♦",
      },
      {
        "count": 10,
        "rank": 12,
        "rankLabel": "K",
        "suit": "♦",
      },
      {
        "count": 1,
        "rank": 0,
        "rankLabel": "A",
        "suit": "♥",
      },
      {
        "count": 2,
        "rank": 1,
        "rankLabel": "2",
        "suit": "♥",
      },
      {
        "count": 3,
        "rank": 2,
        "rankLabel": "3",
        "suit": "♥",
      },
      {
        "count": 4,
        "rank": 3,
        "rankLabel": "4",
        "suit": "♥",
      },
      {
        "count": 5,
        "rank": 4,
        "rankLabel": "5",
        "suit": "♥",
      },
      {
        "count": 6,
        "rank": 5,
        "rankLabel": "6",
        "suit": "♥",
      },
      {
        "count": 7,
        "rank": 6,
        "rankLabel": "7",
        "suit": "♥",
      },
      {
        "count": 8,
        "rank": 7,
        "rankLabel": "8",
        "suit": "♥",
      },
      {
        "count": 9,
        "rank": 8,
        "rankLabel": "9",
        "suit": "♥",
      },
      {
        "count": 10,
        "rank": 9,
        "rankLabel": "10",
        "suit": "♥",
      },
      {
        "count": 10,
        "rank": 10,
        "rankLabel": "J",
        "suit": "♥",
      },
      {
        "count": 10,
        "rank": 11,
        "rankLabel": "Q",
        "suit": "♥",
      },
      {
        "count": 10,
        "rank": 12,
        "rankLabel": "K",
        "suit": "♥",
      },
      {
        "count": 1,
        "rank": 0,
        "rankLabel": "A",
        "suit": "♠",
      },
      {
        "count": 2,
        "rank": 1,
        "rankLabel": "2",
        "suit": "♠",
      },
      {
        "count": 3,
        "rank": 2,
        "rankLabel": "3",
        "suit": "♠",
      },
      {
        "count": 4,
        "rank": 3,
        "rankLabel": "4",
        "suit": "♠",
      },
      {
        "count": 5,
        "rank": 4,
        "rankLabel": "5",
        "suit": "♠",
      },
      {
        "count": 6,
        "rank": 5,
        "rankLabel": "6",
        "suit": "♠",
      },
      {
        "count": 7,
        "rank": 6,
        "rankLabel": "7",
        "suit": "♠",
      },
      {
        "count": 8,
        "rank": 7,
        "rankLabel": "8",
        "suit": "♠",
      },
      {
        "count": 9,
        "rank": 8,
        "rankLabel": "9",
        "suit": "♠",
      },
      {
        "count": 10,
        "rank": 9,
        "rankLabel": "10",
        "suit": "♠",
      },
      {
        "count": 10,
        "rank": 10,
        "rankLabel": "J",
        "suit": "♠",
      },
      {
        "count": 10,
        "rank": 11,
        "rankLabel": "Q",
        "suit": "♠",
      },
      {
        "count": 10,
        "rank": 12,
        "rankLabel": "K",
        "suit": "♠",
      },
    ],
    "fifteensPoints": 0,
    "flushesPoints": 0,
    "nobsPoints": 0,
    "pairsPoints": 0,
    "runsPoints": 0,
    "totalPoints": 0,
  },
]
`;

exports[`groupCutsByResults handles flushes and nobs correctly 1`] = `
[
  {
    "cutCount": 1,
    "cuts": [
      {
        "count": 5,
        "rank": 4,
        "rankLabel": "5",
        "suit": "♣",
      },
    ],
    "fifteensPoints": 0,
    "flushesPoints": 4,
    "nobsPoints": 0,
    "pairsPoints": 0,
    "runsPoints": 0,
    "totalPoints": 4,
  },
  {
    "cutCount": 1,
    "cuts": [
      {
        "count": 10,
        "rank": 10,
        "rankLabel": "J",
        "suit": "♥",
      },
    ],
    "fifteensPoints": 0,
    "flushesPoints": 0,
    "nobsPoints": 1,
    "pairsPoints": 0,
    "runsPoints": 0,
    "totalPoints": 1,
  },
  {
    "cutCount": 50,
    "cuts": [
      {
        "count": 1,
        "rank": 0,
        "rankLabel": "A",
        "suit": "♣",
      },
      {
        "count": 2,
        "rank": 1,
        "rankLabel": "2",
        "suit": "♣",
      },
      {
        "count": 3,
        "rank": 2,
        "rankLabel": "3",
        "suit": "♣",
      },
      {
        "count": 4,
        "rank": 3,
        "rankLabel": "4",
        "suit": "♣",
      },
      {
        "count": 6,
        "rank": 5,
        "rankLabel": "6",
        "suit": "♣",
      },
      {
        "count": 7,
        "rank": 6,
        "rankLabel": "7",
        "suit": "♣",
      },
      {
        "count": 8,
        "rank": 7,
        "rankLabel": "8",
        "suit": "♣",
      },
      {
        "count": 9,
        "rank": 8,
        "rankLabel": "9",
        "suit": "♣",
      },
      {
        "count": 10,
        "rank": 9,
        "rankLabel": "10",
        "suit": "♣",
      },
      {
        "count": 10,
        "rank": 10,
        "rankLabel": "J",
        "suit": "♣",
      },
      {
        "count": 10,
        "rank": 11,
        "rankLabel": "Q",
        "suit": "♣",
      },
      {
        "count": 10,
        "rank": 12,
        "rankLabel": "K",
        "suit": "♣",
      },
      {
        "count": 1,
        "rank": 0,
        "rankLabel": "A",
        "suit": "♦",
      },
      {
        "count": 2,
        "rank": 1,
        "rankLabel": "2",
        "suit": "♦",
      },
      {
        "count": 3,
        "rank": 2,
        "rankLabel": "3",
        "suit": "♦",
      },
      {
        "count": 4,
        "rank": 3,
        "rankLabel": "4",
        "suit": "♦",
      },
      {
        "count": 5,
        "rank": 4,
        "rankLabel": "5",
        "suit": "♦",
      },
      {
        "count": 6,
        "rank": 5,
        "rankLabel": "6",
        "suit": "♦",
      },
      {
        "count": 7,
        "rank": 6,
        "rankLabel": "7",
        "suit": "♦",
      },
      {
        "count": 8,
        "rank": 7,
        "rankLabel": "8",
        "suit": "♦",
      },
      {
        "count": 9,
        "rank": 8,
        "rankLabel": "9",
        "suit": "♦",
      },
      {
        "count": 10,
        "rank": 9,
        "rankLabel": "10",
        "suit": "♦",
      },
      {
        "count": 10,
        "rank": 10,
        "rankLabel": "J",
        "suit": "♦",
      },
      {
        "count": 10,
        "rank": 11,
        "rankLabel": "Q",
        "suit": "♦",
      },
      {
        "count": 10,
        "rank": 12,
        "rankLabel": "K",
        "suit": "♦",
      },
      {
        "count": 1,
        "rank": 0,
        "rankLabel": "A",
        "suit": "♥",
      },
      {
        "count": 2,
        "rank": 1,
        "rankLabel": "2",
        "suit": "♥",
      },
      {
        "count": 3,
        "rank": 2,
        "rankLabel": "3",
        "suit": "♥",
      },
      {
        "count": 4,
        "rank": 3,
        "rankLabel": "4",
        "suit": "♥",
      },
      {
        "count": 5,
        "rank": 4,
        "rankLabel": "5",
        "suit": "♥",
      },
      {
        "count": 6,
        "rank": 5,
        "rankLabel": "6",
        "suit": "♥",
      },
      {
        "count": 7,
        "rank": 6,
        "rankLabel": "7",
        "suit": "♥",
      },
      {
        "count": 8,
        "rank": 7,
        "rankLabel": "8",
        "suit": "♥",
      },
      {
        "count": 9,
        "rank": 8,
        "rankLabel": "9",
        "suit": "♥",
      },
      {
        "count": 10,
        "rank": 9,
        "rankLabel": "10",
        "suit": "♥",
      },
      {
        "count": 10,
        "rank": 11,
        "rankLabel": "Q",
        "suit": "♥",
      },
      {
        "count": 10,
        "rank": 12,
        "rankLabel": "K",
        "suit": "♥",
      },
      {
        "count": 1,
        "rank": 0,
        "rankLabel": "A",
        "suit": "♠",
      },
      {
        "count": 2,
        "rank": 1,
        "rankLabel": "2",
        "suit": "♠",
      },
      {
        "count": 3,
        "rank": 2,
        "rankLabel": "3",
        "suit": "♠",
      },
      {
        "count": 4,
        "rank": 3,
        "rankLabel": "4",
        "suit": "♠",
      },
      {
        "count": 5,
        "rank": 4,
        "rankLabel": "5",
        "suit": "♠",
      },
      {
        "count": 6,
        "rank": 5,
        "rankLabel": "6",
        "suit": "♠",
      },
      {
        "count": 7,
        "rank": 6,
        "rankLabel": "7",
        "suit": "♠",
      },
      {
        "count": 8,
        "rank": 7,
        "rankLabel": "8",
        "suit": "♠",
      },
      {
        "count": 9,
        "rank": 8,
        "rankLabel": "9",
        "suit": "♠",
      },
      {
        "count": 10,
        "rank": 9,
        "rankLabel": "10",
        "suit": "♠",
      },
      {
        "count": 10,
        "rank": 10,
        "rankLabel": "J",
        "suit": "♠",
      },
      {
        "count": 10,
        "rank": 11,
        "rankLabel": "Q",
        "suit": "♠",
      },
      {
        "count": 10,
        "rank": 12,
        "rankLabel": "K",
        "suit": "♠",
      },
    ],
    "fifteensPoints": 0,
    "flushesPoints": 0,
    "nobsPoints": 0,
    "pairsPoints": 0,
    "runsPoints": 0,
    "totalPoints": 0,
  },
]
`;

exports[`groupCutsByResults returns all ranks as zero-point group when no contributions 1`] = `
[
  {
    "cutCount": 52,
    "cuts": [
      {
        "count": 1,
        "rank": 0,
        "rankLabel": "A",
        "suit": "♣",
      },
      {
        "count": 2,
        "rank": 1,
        "rankLabel": "2",
        "suit": "♣",
      },
      {
        "count": 3,
        "rank": 2,
        "rankLabel": "3",
        "suit": "♣",
      },
      {
        "count": 4,
        "rank": 3,
        "rankLabel": "4",
        "suit": "♣",
      },
      {
        "count": 5,
        "rank": 4,
        "rankLabel": "5",
        "suit": "♣",
      },
      {
        "count": 6,
        "rank": 5,
        "rankLabel": "6",
        "suit": "♣",
      },
      {
        "count": 7,
        "rank": 6,
        "rankLabel": "7",
        "suit": "♣",
      },
      {
        "count": 8,
        "rank": 7,
        "rankLabel": "8",
        "suit": "♣",
      },
      {
        "count": 9,
        "rank": 8,
        "rankLabel": "9",
        "suit": "♣",
      },
      {
        "count": 10,
        "rank": 9,
        "rankLabel": "10",
        "suit": "♣",
      },
      {
        "count": 10,
        "rank": 10,
        "rankLabel": "J",
        "suit": "♣",
      },
      {
        "count": 10,
        "rank": 11,
        "rankLabel": "Q",
        "suit": "♣",
      },
      {
        "count": 10,
        "rank": 12,
        "rankLabel": "K",
        "suit": "♣",
      },
      {
        "count": 1,
        "rank": 0,
        "rankLabel": "A",
        "suit": "♦",
      },
      {
        "count": 2,
        "rank": 1,
        "rankLabel": "2",
        "suit": "♦",
      },
      {
        "count": 3,
        "rank": 2,
        "rankLabel": "3",
        "suit": "♦",
      },
      {
        "count": 4,
        "rank": 3,
        "rankLabel": "4",
        "suit": "♦",
      },
      {
        "count": 5,
        "rank": 4,
        "rankLabel": "5",
        "suit": "♦",
      },
      {
        "count": 6,
        "rank": 5,
        "rankLabel": "6",
        "suit": "♦",
      },
      {
        "count": 7,
        "rank": 6,
        "rankLabel": "7",
        "suit": "♦",
      },
      {
        "count": 8,
        "rank": 7,
        "rankLabel": "8",
        "suit": "♦",
      },
      {
        "count": 9,
        "rank": 8,
        "rankLabel": "9",
        "suit": "♦",
      },
      {
        "count": 10,
        "rank": 9,
        "rankLabel": "10",
        "suit": "♦",
      },
      {
        "count": 10,
        "rank": 10,
        "rankLabel": "J",
        "suit": "♦",
      },
      {
        "count": 10,
        "rank": 11,
        "rankLabel": "Q",
        "suit": "♦",
      },
      {
        "count": 10,
        "rank": 12,
        "rankLabel": "K",
        "suit": "♦",
      },
      {
        "count": 1,
        "rank": 0,
        "rankLabel": "A",
        "suit": "♥",
      },
      {
        "count": 2,
        "rank": 1,
        "rankLabel": "2",
        "suit": "♥",
      },
      {
        "count": 3,
        "rank": 2,
        "rankLabel": "3",
        "suit": "♥",
      },
      {
        "count": 4,
        "rank": 3,
        "rankLabel": "4",
        "suit": "♥",
      },
      {
        "count": 5,
        "rank": 4,
        "rankLabel": "5",
        "suit": "♥",
      },
      {
        "count": 6,
        "rank": 5,
        "rankLabel": "6",
        "suit": "♥",
      },
      {
        "count": 7,
        "rank": 6,
        "rankLabel": "7",
        "suit": "♥",
      },
      {
        "count": 8,
        "rank": 7,
        "rankLabel": "8",
        "suit": "♥",
      },
      {
        "count": 9,
        "rank": 8,
        "rankLabel": "9",
        "suit": "♥",
      },
      {
        "count": 10,
        "rank": 9,
        "rankLabel": "10",
        "suit": "♥",
      },
      {
        "count": 10,
        "rank": 10,
        "rankLabel": "J",
        "suit": "♥",
      },
      {
        "count": 10,
        "rank": 11,
        "rankLabel": "Q",
        "suit": "♥",
      },
      {
        "count": 10,
        "rank": 12,
        "rankLabel": "K",
        "suit": "♥",
      },
      {
        "count": 1,
        "rank": 0,
        "rankLabel": "A",
        "suit": "♠",
      },
      {
        "count": 2,
        "rank": 1,
        "rankLabel": "2",
        "suit": "♠",
      },
      {
        "count": 3,
        "rank": 2,
        "rankLabel": "3",
        "suit": "♠",
      },
      {
        "count": 4,
        "rank": 3,
        "rankLabel": "4",
        "suit": "♠",
      },
      {
        "count": 5,
        "rank": 4,
        "rankLabel": "5",
        "suit": "♠",
      },
      {
        "count": 6,
        "rank": 5,
        "rankLabel": "6",
        "suit": "♠",
      },
      {
        "count": 7,
        "rank": 6,
        "rankLabel": "7",
        "suit": "♠",
      },
      {
        "count": 8,
        "rank": 7,
        "rankLabel": "8",
        "suit": "♠",
      },
      {
        "count": 9,
        "rank": 8,
        "rankLabel": "9",
        "suit": "♠",
      },
      {
        "count": 10,
        "rank": 9,
        "rankLabel": "10",
        "suit": "♠",
      },
      {
        "count": 10,
        "rank": 10,
        "rankLabel": "J",
        "suit": "♠",
      },
      {
        "count": 10,
        "rank": 11,
        "rankLabel": "Q",
        "suit": "♠",
      },
      {
        "count": 10,
        "rank": 12,
        "rankLabel": "K",
        "suit": "♠",
      },
    ],
    "fifteensPoints": 0,
    "flushesPoints": 0,
    "nobsPoints": 0,
    "pairsPoints": 0,
    "runsPoints": 0,
    "totalPoints": 0,
  },
]
`;

exports[`groupCutsByResults separates cuts with different point totals plus zero-point group 1`] = `
[
  {
    "cutCount": 1,
    "cuts": [
      {
        "count": 5,
        "rank": 4,
        "rankLabel": "5",
        "suit": "♣",
      },
    ],
    "fifteensPoints": 2,
    "flushesPoints": 0,
    "nobsPoints": 0,
    "pairsPoints": 2,
    "runsPoints": 0,
    "totalPoints": 4,
  },
  {
    "cutCount": 1,
    "cuts": [
      {
        "count": 10,
        "rank": 12,
        "rankLabel": "K",
        "suit": "♣",
      },
    ],
    "fifteensPoints": 0,
    "flushesPoints": 0,
    "nobsPoints": 0,
    "pairsPoints": 2,
    "runsPoints": 0,
    "totalPoints": 2,
  },
  {
    "cutCount": 50,
    "cuts": [
      {
        "count": 1,
        "rank": 0,
        "rankLabel": "A",
        "suit": "♣",
      },
      {
        "count": 2,
        "rank": 1,
        "rankLabel": "2",
        "suit": "♣",
      },
      {
        "count": 3,
        "rank": 2,
        "rankLabel": "3",
        "suit": "♣",
      },
      {
        "count": 4,
        "rank": 3,
        "rankLabel": "4",
        "suit": "♣",
      },
      {
        "count": 6,
        "rank": 5,
        "rankLabel": "6",
        "suit": "♣",
      },
      {
        "count": 7,
        "rank": 6,
        "rankLabel": "7",
        "suit": "♣",
      },
      {
        "count": 8,
        "rank": 7,
        "rankLabel": "8",
        "suit": "♣",
      },
      {
        "count": 9,
        "rank": 8,
        "rankLabel": "9",
        "suit": "♣",
      },
      {
        "count": 10,
        "rank": 9,
        "rankLabel": "10",
        "suit": "♣",
      },
      {
        "count": 10,
        "rank": 10,
        "rankLabel": "J",
        "suit": "♣",
      },
      {
        "count": 10,
        "rank": 11,
        "rankLabel": "Q",
        "suit": "♣",
      },
      {
        "count": 1,
        "rank": 0,
        "rankLabel": "A",
        "suit": "♦",
      },
      {
        "count": 2,
        "rank": 1,
        "rankLabel": "2",
        "suit": "♦",
      },
      {
        "count": 3,
        "rank": 2,
        "rankLabel": "3",
        "suit": "♦",
      },
      {
        "count": 4,
        "rank": 3,
        "rankLabel": "4",
        "suit": "♦",
      },
      {
        "count": 5,
        "rank": 4,
        "rankLabel": "5",
        "suit": "♦",
      },
      {
        "count": 6,
        "rank": 5,
        "rankLabel": "6",
        "suit": "♦",
      },
      {
        "count": 7,
        "rank": 6,
        "rankLabel": "7",
        "suit": "♦",
      },
      {
        "count": 8,
        "rank": 7,
        "rankLabel": "8",
        "suit": "♦",
      },
      {
        "count": 9,
        "rank": 8,
        "rankLabel": "9",
        "suit": "♦",
      },
      {
        "count": 10,
        "rank": 9,
        "rankLabel": "10",
        "suit": "♦",
      },
      {
        "count": 10,
        "rank": 10,
        "rankLabel": "J",
        "suit": "♦",
      },
      {
        "count": 10,
        "rank": 11,
        "rankLabel": "Q",
        "suit": "♦",
      },
      {
        "count": 10,
        "rank": 12,
        "rankLabel": "K",
        "suit": "♦",
      },
      {
        "count": 1,
        "rank": 0,
        "rankLabel": "A",
        "suit": "♥",
      },
      {
        "count": 2,
        "rank": 1,
        "rankLabel": "2",
        "suit": "♥",
      },
      {
        "count": 3,
        "rank": 2,
        "rankLabel": "3",
        "suit": "♥",
      },
      {
        "count": 4,
        "rank": 3,
        "rankLabel": "4",
        "suit": "♥",
      },
      {
        "count": 5,
        "rank": 4,
        "rankLabel": "5",
        "suit": "♥",
      },
      {
        "count": 6,
        "rank": 5,
        "rankLabel": "6",
        "suit": "♥",
      },
      {
        "count": 7,
        "rank": 6,
        "rankLabel": "7",
        "suit": "♥",
      },
      {
        "count": 8,
        "rank": 7,
        "rankLabel": "8",
        "suit": "♥",
      },
      {
        "count": 9,
        "rank": 8,
        "rankLabel": "9",
        "suit": "♥",
      },
      {
        "count": 10,
        "rank": 9,
        "rankLabel": "10",
        "suit": "♥",
      },
      {
        "count": 10,
        "rank": 10,
        "rankLabel": "J",
        "suit": "♥",
      },
      {
        "count": 10,
        "rank": 11,
        "rankLabel": "Q",
        "suit": "♥",
      },
      {
        "count": 10,
        "rank": 12,
        "rankLabel": "K",
        "suit": "♥",
      },
      {
        "count": 1,
        "rank": 0,
        "rankLabel": "A",
        "suit": "♠",
      },
      {
        "count": 2,
        "rank": 1,
        "rankLabel": "2",
        "suit": "♠",
      },
      {
        "count": 3,
        "rank": 2,
        "rankLabel": "3",
        "suit": "♠",
      },
      {
        "count": 4,
        "rank": 3,
        "rankLabel": "4",
        "suit": "♠",
      },
      {
        "count": 5,
        "rank": 4,
        "rankLabel": "5",
        "suit": "♠",
      },
      {
        "count": 6,
        "rank": 5,
        "rankLabel": "6",
        "suit": "♠",
      },
      {
        "count": 7,
        "rank": 6,
        "rankLabel": "7",
        "suit": "♠",
      },
      {
        "count": 8,
        "rank": 7,
        "rankLabel": "8",
        "suit": "♠",
      },
      {
        "count": 9,
        "rank": 8,
        "rankLabel": "9",
        "suit": "♠",
      },
      {
        "count": 10,
        "rank": 9,
        "rankLabel": "10",
        "suit": "♠",
      },
      {
        "count": 10,
        "rank": 10,
        "rankLabel": "J",
        "suit": "♠",
      },
      {
        "count": 10,
        "rank": 11,
        "rankLabel": "Q",
        "suit": "♠",
      },
      {
        "count": 10,
        "rank": 12,
        "rankLabel": "K",
        "suit": "♠",
      },
    ],
    "fifteensPoints": 0,
    "flushesPoints": 0,
    "nobsPoints": 0,
    "pairsPoints": 0,
    "runsPoints": 0,
    "totalPoints": 0,
  },
]
`;

exports[`groupCutsByResults sorts by cut count descending when total points are equal with zero-point group 1`] = `
[
  {
    "cutCount": 2,
    "cuts": [
      {
        "count": 5,
        "rank": 4,
        "rankLabel": "5",
        "suit": "♣",
      },
      {
        "count": 6,
        "rank": 5,
        "rankLabel": "6",
        "suit": "♦",
      },
    ],
    "fifteensPoints": 2,
    "flushesPoints": 0,
    "nobsPoints": 0,
    "pairsPoints": 0,
    "runsPoints": 0,
    "totalPoints": 2,
  },
  {
    "cutCount": 50,
    "cuts": [
      {
        "count": 1,
        "rank": 0,
        "rankLabel": "A",
        "suit": "♣",
      },
      {
        "count": 2,
        "rank": 1,
        "rankLabel": "2",
        "suit": "♣",
      },
      {
        "count": 3,
        "rank": 2,
        "rankLabel": "3",
        "suit": "♣",
      },
      {
        "count": 4,
        "rank": 3,
        "rankLabel": "4",
        "suit": "♣",
      },
      {
        "count": 6,
        "rank": 5,
        "rankLabel": "6",
        "suit": "♣",
      },
      {
        "count": 7,
        "rank": 6,
        "rankLabel": "7",
        "suit": "♣",
      },
      {
        "count": 8,
        "rank": 7,
        "rankLabel": "8",
        "suit": "♣",
      },
      {
        "count": 9,
        "rank": 8,
        "rankLabel": "9",
        "suit": "♣",
      },
      {
        "count": 10,
        "rank": 9,
        "rankLabel": "10",
        "suit": "♣",
      },
      {
        "count": 10,
        "rank": 10,
        "rankLabel": "J",
        "suit": "♣",
      },
      {
        "count": 10,
        "rank": 11,
        "rankLabel": "Q",
        "suit": "♣",
      },
      {
        "count": 10,
        "rank": 12,
        "rankLabel": "K",
        "suit": "♣",
      },
      {
        "count": 1,
        "rank": 0,
        "rankLabel": "A",
        "suit": "♦",
      },
      {
        "count": 2,
        "rank": 1,
        "rankLabel": "2",
        "suit": "♦",
      },
      {
        "count": 3,
        "rank": 2,
        "rankLabel": "3",
        "suit": "♦",
      },
      {
        "count": 4,
        "rank": 3,
        "rankLabel": "4",
        "suit": "♦",
      },
      {
        "count": 5,
        "rank": 4,
        "rankLabel": "5",
        "suit": "♦",
      },
      {
        "count": 7,
        "rank": 6,
        "rankLabel": "7",
        "suit": "♦",
      },
      {
        "count": 8,
        "rank": 7,
        "rankLabel": "8",
        "suit": "♦",
      },
      {
        "count": 9,
        "rank": 8,
        "rankLabel": "9",
        "suit": "♦",
      },
      {
        "count": 10,
        "rank": 9,
        "rankLabel": "10",
        "suit": "♦",
      },
      {
        "count": 10,
        "rank": 10,
        "rankLabel": "J",
        "suit": "♦",
      },
      {
        "count": 10,
        "rank": 11,
        "rankLabel": "Q",
        "suit": "♦",
      },
      {
        "count": 10,
        "rank": 12,
        "rankLabel": "K",
        "suit": "♦",
      },
      {
        "count": 1,
        "rank": 0,
        "rankLabel": "A",
        "suit": "♥",
      },
      {
        "count": 2,
        "rank": 1,
        "rankLabel": "2",
        "suit": "♥",
      },
      {
        "count": 3,
        "rank": 2,
        "rankLabel": "3",
        "suit": "♥",
      },
      {
        "count": 4,
        "rank": 3,
        "rankLabel": "4",
        "suit": "♥",
      },
      {
        "count": 5,
        "rank": 4,
        "rankLabel": "5",
        "suit": "♥",
      },
      {
        "count": 6,
        "rank": 5,
        "rankLabel": "6",
        "suit": "♥",
      },
      {
        "count": 7,
        "rank": 6,
        "rankLabel": "7",
        "suit": "♥",
      },
      {
        "count": 8,
        "rank": 7,
        "rankLabel": "8",
        "suit": "♥",
      },
      {
        "count": 9,
        "rank": 8,
        "rankLabel": "9",
        "suit": "♥",
      },
      {
        "count": 10,
        "rank": 9,
        "rankLabel": "10",
        "suit": "♥",
      },
      {
        "count": 10,
        "rank": 10,
        "rankLabel": "J",
        "suit": "♥",
      },
      {
        "count": 10,
        "rank": 11,
        "rankLabel": "Q",
        "suit": "♥",
      },
      {
        "count": 10,
        "rank": 12,
        "rankLabel": "K",
        "suit": "♥",
      },
      {
        "count": 1,
        "rank": 0,
        "rankLabel": "A",
        "suit": "♠",
      },
      {
        "count": 2,
        "rank": 1,
        "rankLabel": "2",
        "suit": "♠",
      },
      {
        "count": 3,
        "rank": 2,
        "rankLabel": "3",
        "suit": "♠",
      },
      {
        "count": 4,
        "rank": 3,
        "rankLabel": "4",
        "suit": "♠",
      },
      {
        "count": 5,
        "rank": 4,
        "rankLabel": "5",
        "suit": "♠",
      },
      {
        "count": 6,
        "rank": 5,
        "rankLabel": "6",
        "suit": "♠",
      },
      {
        "count": 7,
        "rank": 6,
        "rankLabel": "7",
        "suit": "♠",
      },
      {
        "count": 8,
        "rank": 7,
        "rankLabel": "8",
        "suit": "♠",
      },
      {
        "count": 9,
        "rank": 8,
        "rankLabel": "9",
        "suit": "♠",
      },
      {
        "count": 10,
        "rank": 9,
        "rankLabel": "10",
        "suit": "♠",
      },
      {
        "count": 10,
        "rank": 10,
        "rankLabel": "J",
        "suit": "♠",
      },
      {
        "count": 10,
        "rank": 11,
        "rankLabel": "Q",
        "suit": "♠",
      },
      {
        "count": 10,
        "rank": 12,
        "rankLabel": "K",
        "suit": "♠",
      },
    ],
    "fifteensPoints": 0,
    "flushesPoints": 0,
    "nobsPoints": 0,
    "pairsPoints": 0,
    "runsPoints": 0,
    "totalPoints": 0,
  },
]
`;

exports[`groupCutsByResults sorts by cut count when points are equal and groups are separate plus zero-point group 1`] = `
[
  {
    "cutCount": 1,
    "cuts": [
      {
        "count": 5,
        "rank": 4,
        "rankLabel": "5",
        "suit": "♣",
      },
    ],
    "fifteensPoints": 2,
    "flushesPoints": 0,
    "nobsPoints": 0,
    "pairsPoints": 2,
    "runsPoints": 0,
    "totalPoints": 4,
  },
  {
    "cutCount": 1,
    "cuts": [
      {
        "count": 10,
        "rank": 12,
        "rankLabel": "K",
        "suit": "♣",
      },
    ],
    "fifteensPoints": 4,
    "flushesPoints": 0,
    "nobsPoints": 0,
    "pairsPoints": 0,
    "runsPoints": 0,
    "totalPoints": 4,
  },
  {
    "cutCount": 50,
    "cuts": [
      {
        "count": 1,
        "rank": 0,
        "rankLabel": "A",
        "suit": "♣",
      },
      {
        "count": 2,
        "rank": 1,
        "rankLabel": "2",
        "suit": "♣",
      },
      {
        "count": 3,
        "rank": 2,
        "rankLabel": "3",
        "suit": "♣",
      },
      {
        "count": 4,
        "rank": 3,
        "rankLabel": "4",
        "suit": "♣",
      },
      {
        "count": 6,
        "rank": 5,
        "rankLabel": "6",
        "suit": "♣",
      },
      {
        "count": 7,
        "rank": 6,
        "rankLabel": "7",
        "suit": "♣",
      },
      {
        "count": 8,
        "rank": 7,
        "rankLabel": "8",
        "suit": "♣",
      },
      {
        "count": 9,
        "rank": 8,
        "rankLabel": "9",
        "suit": "♣",
      },
      {
        "count": 10,
        "rank": 9,
        "rankLabel": "10",
        "suit": "♣",
      },
      {
        "count": 10,
        "rank": 10,
        "rankLabel": "J",
        "suit": "♣",
      },
      {
        "count": 10,
        "rank": 11,
        "rankLabel": "Q",
        "suit": "♣",
      },
      {
        "count": 1,
        "rank": 0,
        "rankLabel": "A",
        "suit": "♦",
      },
      {
        "count": 2,
        "rank": 1,
        "rankLabel": "2",
        "suit": "♦",
      },
      {
        "count": 3,
        "rank": 2,
        "rankLabel": "3",
        "suit": "♦",
      },
      {
        "count": 4,
        "rank": 3,
        "rankLabel": "4",
        "suit": "♦",
      },
      {
        "count": 5,
        "rank": 4,
        "rankLabel": "5",
        "suit": "♦",
      },
      {
        "count": 6,
        "rank": 5,
        "rankLabel": "6",
        "suit": "♦",
      },
      {
        "count": 7,
        "rank": 6,
        "rankLabel": "7",
        "suit": "♦",
      },
      {
        "count": 8,
        "rank": 7,
        "rankLabel": "8",
        "suit": "♦",
      },
      {
        "count": 9,
        "rank": 8,
        "rankLabel": "9",
        "suit": "♦",
      },
      {
        "count": 10,
        "rank": 9,
        "rankLabel": "10",
        "suit": "♦",
      },
      {
        "count": 10,
        "rank": 10,
        "rankLabel": "J",
        "suit": "♦",
      },
      {
        "count": 10,
        "rank": 11,
        "rankLabel": "Q",
        "suit": "♦",
      },
      {
        "count": 10,
        "rank": 12,
        "rankLabel": "K",
        "suit": "♦",
      },
      {
        "count": 1,
        "rank": 0,
        "rankLabel": "A",
        "suit": "♥",
      },
      {
        "count": 2,
        "rank": 1,
        "rankLabel": "2",
        "suit": "♥",
      },
      {
        "count": 3,
        "rank": 2,
        "rankLabel": "3",
        "suit": "♥",
      },
      {
        "count": 4,
        "rank": 3,
        "rankLabel": "4",
        "suit": "♥",
      },
      {
        "count": 5,
        "rank": 4,
        "rankLabel": "5",
        "suit": "♥",
      },
      {
        "count": 6,
        "rank": 5,
        "rankLabel": "6",
        "suit": "♥",
      },
      {
        "count": 7,
        "rank": 6,
        "rankLabel": "7",
        "suit": "♥",
      },
      {
        "count": 8,
        "rank": 7,
        "rankLabel": "8",
        "suit": "♥",
      },
      {
        "count": 9,
        "rank": 8,
        "rankLabel": "9",
        "suit": "♥",
      },
      {
        "count": 10,
        "rank": 9,
        "rankLabel": "10",
        "suit": "♥",
      },
      {
        "count": 10,
        "rank": 10,
        "rankLabel": "J",
        "suit": "♥",
      },
      {
        "count": 10,
        "rank": 11,
        "rankLabel": "Q",
        "suit": "♥",
      },
      {
        "count": 10,
        "rank": 12,
        "rankLabel": "K",
        "suit": "♥",
      },
      {
        "count": 1,
        "rank": 0,
        "rankLabel": "A",
        "suit": "♠",
      },
      {
        "count": 2,
        "rank": 1,
        "rankLabel": "2",
        "suit": "♠",
      },
      {
        "count": 3,
        "rank": 2,
        "rankLabel": "3",
        "suit": "♠",
      },
      {
        "count": 4,
        "rank": 3,
        "rankLabel": "4",
        "suit": "♠",
      },
      {
        "count": 5,
        "rank": 4,
        "rankLabel": "5",
        "suit": "♠",
      },
      {
        "count": 6,
        "rank": 5,
        "rankLabel": "6",
        "suit": "♠",
      },
      {
        "count": 7,
        "rank": 6,
        "rankLabel": "7",
        "suit": "♠",
      },
      {
        "count": 8,
        "rank": 7,
        "rankLabel": "8",
        "suit": "♠",
      },
      {
        "count": 9,
        "rank": 8,
        "rankLabel": "9",
        "suit": "♠",
      },
      {
        "count": 10,
        "rank": 9,
        "rankLabel": "10",
        "suit": "♠",
      },
      {
        "count": 10,
        "rank": 10,
        "rankLabel": "J",
        "suit": "♠",
      },
      {
        "count": 10,
        "rank": 11,
        "rankLabel": "Q",
        "suit": "♠",
      },
      {
        "count": 10,
        "rank": 12,
        "rankLabel": "K",
        "suit": "♠",
      },
    ],
    "fifteensPoints": 0,
    "flushesPoints": 0,
    "nobsPoints": 0,
    "pairsPoints": 0,
    "runsPoints": 0,
    "totalPoints": 0,
  },
]
`;

exports[`groupCutsByResults sorts results by total points descending with zero-point group last 1`] = `
[
  {
    "cutCount": 1,
    "cuts": [
      {
        "count": 1,
        "rank": 0,
        "rankLabel": "A",
        "suit": "♣",
      },
    ],
    "fifteensPoints": 0,
    "flushesPoints": 0,
    "nobsPoints": 0,
    "pairsPoints": 0,
    "runsPoints": 12,
    "totalPoints": 12,
  },
  {
    "cutCount": 1,
    "cuts": [
      {
        "count": 10,
        "rank": 12,
        "rankLabel": "K",
        "suit": "♣",
      },
    ],
    "fifteensPoints": 0,
    "flushesPoints": 0,
    "nobsPoints": 0,
    "pairsPoints": 4,
    "runsPoints": 0,
    "totalPoints": 4,
  },
  {
    "cutCount": 1,
    "cuts": [
      {
        "count": 5,
        "rank": 4,
        "rankLabel": "5",
        "suit": "♣",
      },
    ],
    "fifteensPoints": 2,
    "flushesPoints": 0,
    "nobsPoints": 0,
    "pairsPoints": 0,
    "runsPoints": 0,
    "totalPoints": 2,
  },
  {
    "cutCount": 49,
    "cuts": [
      {
        "count": 2,
        "rank": 1,
        "rankLabel": "2",
        "suit": "♣",
      },
      {
        "count": 3,
        "rank": 2,
        "rankLabel": "3",
        "suit": "♣",
      },
      {
        "count": 4,
        "rank": 3,
        "rankLabel": "4",
        "suit": "♣",
      },
      {
        "count": 6,
        "rank": 5,
        "rankLabel": "6",
        "suit": "♣",
      },
      {
        "count": 7,
        "rank": 6,
        "rankLabel": "7",
        "suit": "♣",
      },
      {
        "count": 8,
        "rank": 7,
        "rankLabel": "8",
        "suit": "♣",
      },
      {
        "count": 9,
        "rank": 8,
        "rankLabel": "9",
        "suit": "♣",
      },
      {
        "count": 10,
        "rank": 9,
        "rankLabel": "10",
        "suit": "♣",
      },
      {
        "count": 10,
        "rank": 10,
        "rankLabel": "J",
        "suit": "♣",
      },
      {
        "count": 10,
        "rank": 11,
        "rankLabel": "Q",
        "suit": "♣",
      },
      {
        "count": 1,
        "rank": 0,
        "rankLabel": "A",
        "suit": "♦",
      },
      {
        "count": 2,
        "rank": 1,
        "rankLabel": "2",
        "suit": "♦",
      },
      {
        "count": 3,
        "rank": 2,
        "rankLabel": "3",
        "suit": "♦",
      },
      {
        "count": 4,
        "rank": 3,
        "rankLabel": "4",
        "suit": "♦",
      },
      {
        "count": 5,
        "rank": 4,
        "rankLabel": "5",
        "suit": "♦",
      },
      {
        "count": 6,
        "rank": 5,
        "rankLabel": "6",
        "suit": "♦",
      },
      {
        "count": 7,
        "rank": 6,
        "rankLabel": "7",
        "suit": "♦",
      },
      {
        "count": 8,
        "rank": 7,
        "rankLabel": "8",
        "suit": "♦",
      },
      {
        "count": 9,
        "rank": 8,
        "rankLabel": "9",
        "suit": "♦",
      },
      {
        "count": 10,
        "rank": 9,
        "rankLabel": "10",
        "suit": "♦",
      },
      {
        "count": 10,
        "rank": 10,
        "rankLabel": "J",
        "suit": "♦",
      },
      {
        "count": 10,
        "rank": 11,
        "rankLabel": "Q",
        "suit": "♦",
      },
      {
        "count": 10,
        "rank": 12,
        "rankLabel": "K",
        "suit": "♦",
      },
      {
        "count": 1,
        "rank": 0,
        "rankLabel": "A",
        "suit": "♥",
      },
      {
        "count": 2,
        "rank": 1,
        "rankLabel": "2",
        "suit": "♥",
      },
      {
        "count": 3,
        "rank": 2,
        "rankLabel": "3",
        "suit": "♥",
      },
      {
        "count": 4,
        "rank": 3,
        "rankLabel": "4",
        "suit": "♥",
      },
      {
        "count": 5,
        "rank": 4,
        "rankLabel": "5",
        "suit": "♥",
      },
      {
        "count": 6,
        "rank": 5,
        "rankLabel": "6",
        "suit": "♥",
      },
      {
        "count": 7,
        "rank": 6,
        "rankLabel": "7",
        "suit": "♥",
      },
      {
        "count": 8,
        "rank": 7,
        "rankLabel": "8",
        "suit": "♥",
      },
      {
        "count": 9,
        "rank": 8,
        "rankLabel": "9",
        "suit": "♥",
      },
      {
        "count": 10,
        "rank": 9,
        "rankLabel": "10",
        "suit": "♥",
      },
      {
        "count": 10,
        "rank": 10,
        "rankLabel": "J",
        "suit": "♥",
      },
      {
        "count": 10,
        "rank": 11,
        "rankLabel": "Q",
        "suit": "♥",
      },
      {
        "count": 10,
        "rank": 12,
        "rankLabel": "K",
        "suit": "♥",
      },
      {
        "count": 1,
        "rank": 0,
        "rankLabel": "A",
        "suit": "♠",
      },
      {
        "count": 2,
        "rank": 1,
        "rankLabel": "2",
        "suit": "♠",
      },
      {
        "count": 3,
        "rank": 2,
        "rankLabel": "3",
        "suit": "♠",
      },
      {
        "count": 4,
        "rank": 3,
        "rankLabel": "4",
        "suit": "♠",
      },
      {
        "count": 5,
        "rank": 4,
        "rankLabel": "5",
        "suit": "♠",
      },
      {
        "count": 6,
        "rank": 5,
        "rankLabel": "6",
        "suit": "♠",
      },
      {
        "count": 7,
        "rank": 6,
        "rankLabel": "7",
        "suit": "♠",
      },
      {
        "count": 8,
        "rank": 7,
        "rankLabel": "8",
        "suit": "♠",
      },
      {
        "count": 9,
        "rank": 8,
        "rankLabel": "9",
        "suit": "♠",
      },
      {
        "count": 10,
        "rank": 9,
        "rankLabel": "10",
        "suit": "♠",
      },
      {
        "count": 10,
        "rank": 10,
        "rankLabel": "J",
        "suit": "♠",
      },
      {
        "count": 10,
        "rank": 11,
        "rankLabel": "Q",
        "suit": "♠",
      },
      {
        "count": 10,
        "rank": 12,
        "rankLabel": "K",
        "suit": "♠",
      },
    ],
    "fifteensPoints": 0,
    "flushesPoints": 0,
    "nobsPoints": 0,
    "pairsPoints": 0,
    "runsPoints": 0,
    "totalPoints": 0,
  },
]
`;

exports[`groupCutsByResults treats undefined values in cutCountsRemaining as zero 1`] = `
[
  {
    "cutCount": 52,
    "cuts": [
      {
        "count": 1,
        "rank": 0,
        "rankLabel": "A",
        "suit": "♣",
      },
      {
        "count": 2,
        "rank": 1,
        "rankLabel": "2",
        "suit": "♣",
      },
      {
        "count": 3,
        "rank": 2,
        "rankLabel": "3",
        "suit": "♣",
      },
      {
        "count": 4,
        "rank": 3,
        "rankLabel": "4",
        "suit": "♣",
      },
      {
        "count": 5,
        "rank": 4,
        "rankLabel": "5",
        "suit": "♣",
      },
      {
        "count": 6,
        "rank": 5,
        "rankLabel": "6",
        "suit": "♣",
      },
      {
        "count": 7,
        "rank": 6,
        "rankLabel": "7",
        "suit": "♣",
      },
      {
        "count": 8,
        "rank": 7,
        "rankLabel": "8",
        "suit": "♣",
      },
      {
        "count": 9,
        "rank": 8,
        "rankLabel": "9",
        "suit": "♣",
      },
      {
        "count": 10,
        "rank": 9,
        "rankLabel": "10",
        "suit": "♣",
      },
      {
        "count": 10,
        "rank": 10,
        "rankLabel": "J",
        "suit": "♣",
      },
      {
        "count": 10,
        "rank": 11,
        "rankLabel": "Q",
        "suit": "♣",
      },
      {
        "count": 10,
        "rank": 12,
        "rankLabel": "K",
        "suit": "♣",
      },
      {
        "count": 1,
        "rank": 0,
        "rankLabel": "A",
        "suit": "♦",
      },
      {
        "count": 2,
        "rank": 1,
        "rankLabel": "2",
        "suit": "♦",
      },
      {
        "count": 3,
        "rank": 2,
        "rankLabel": "3",
        "suit": "♦",
      },
      {
        "count": 4,
        "rank": 3,
        "rankLabel": "4",
        "suit": "♦",
      },
      {
        "count": 5,
        "rank": 4,
        "rankLabel": "5",
        "suit": "♦",
      },
      {
        "count": 6,
        "rank": 5,
        "rankLabel": "6",
        "suit": "♦",
      },
      {
        "count": 7,
        "rank": 6,
        "rankLabel": "7",
        "suit": "♦",
      },
      {
        "count": 8,
        "rank": 7,
        "rankLabel": "8",
        "suit": "♦",
      },
      {
        "count": 9,
        "rank": 8,
        "rankLabel": "9",
        "suit": "♦",
      },
      {
        "count": 10,
        "rank": 9,
        "rankLabel": "10",
        "suit": "♦",
      },
      {
        "count": 10,
        "rank": 10,
        "rankLabel": "J",
        "suit": "♦",
      },
      {
        "count": 10,
        "rank": 11,
        "rankLabel": "Q",
        "suit": "♦",
      },
      {
        "count": 10,
        "rank": 12,
        "rankLabel": "K",
        "suit": "♦",
      },
      {
        "count": 1,
        "rank": 0,
        "rankLabel": "A",
        "suit": "♥",
      },
      {
        "count": 2,
        "rank": 1,
        "rankLabel": "2",
        "suit": "♥",
      },
      {
        "count": 3,
        "rank": 2,
        "rankLabel": "3",
        "suit": "♥",
      },
      {
        "count": 4,
        "rank": 3,
        "rankLabel": "4",
        "suit": "♥",
      },
      {
        "count": 5,
        "rank": 4,
        "rankLabel": "5",
        "suit": "♥",
      },
      {
        "count": 6,
        "rank": 5,
        "rankLabel": "6",
        "suit": "♥",
      },
      {
        "count": 7,
        "rank": 6,
        "rankLabel": "7",
        "suit": "♥",
      },
      {
        "count": 8,
        "rank": 7,
        "rankLabel": "8",
        "suit": "♥",
      },
      {
        "count": 9,
        "rank": 8,
        "rankLabel": "9",
        "suit": "♥",
      },
      {
        "count": 10,
        "rank": 9,
        "rankLabel": "10",
        "suit": "♥",
      },
      {
        "count": 10,
        "rank": 10,
        "rankLabel": "J",
        "suit": "♥",
      },
      {
        "count": 10,
        "rank": 11,
        "rankLabel": "Q",
        "suit": "♥",
      },
      {
        "count": 10,
        "rank": 12,
        "rankLabel": "K",
        "suit": "♥",
      },
      {
        "count": 1,
        "rank": 0,
        "rankLabel": "A",
        "suit": "♠",
      },
      {
        "count": 2,
        "rank": 1,
        "rankLabel": "2",
        "suit": "♠",
      },
      {
        "count": 3,
        "rank": 2,
        "rankLabel": "3",
        "suit": "♠",
      },
      {
        "count": 4,
        "rank": 3,
        "rankLabel": "4",
        "suit": "♠",
      },
      {
        "count": 5,
        "rank": 4,
        "rankLabel": "5",
        "suit": "♠",
      },
      {
        "count": 6,
        "rank": 5,
        "rankLabel": "6",
        "suit": "♠",
      },
      {
        "count": 7,
        "rank": 6,
        "rankLabel": "7",
        "suit": "♠",
      },
      {
        "count": 8,
        "rank": 7,
        "rankLabel": "8",
        "suit": "♠",
      },
      {
        "count": 9,
        "rank": 8,
        "rankLabel": "9",
        "suit": "♠",
      },
      {
        "count": 10,
        "rank": 9,
        "rankLabel": "10",
        "suit": "♠",
      },
      {
        "count": 10,
        "rank": 10,
        "rankLabel": "J",
        "suit": "♠",
      },
      {
        "count": 10,
        "rank": 11,
        "rankLabel": "Q",
        "suit": "♠",
      },
      {
        "count": 10,
        "rank": 12,
        "rankLabel": "K",
        "suit": "♠",
      },
    ],
    "fifteensPoints": 0,
    "flushesPoints": 0,
    "nobsPoints": 0,
    "pairsPoints": 0,
    "runsPoints": 0,
    "totalPoints": 0,
  },
]
`;

exports[`groupCutsByResults uses cutCountsRemaining for zero-point ranks that have cards in hand 1`] = `
[
  {
    "cutCount": 52,
    "cuts": [
      {
        "count": 1,
        "rank": 0,
        "rankLabel": "A",
        "suit": "♣",
      },
      {
        "count": 2,
        "rank": 1,
        "rankLabel": "2",
        "suit": "♣",
      },
      {
        "count": 3,
        "rank": 2,
        "rankLabel": "3",
        "suit": "♣",
      },
      {
        "count": 4,
        "rank": 3,
        "rankLabel": "4",
        "suit": "♣",
      },
      {
        "count": 5,
        "rank": 4,
        "rankLabel": "5",
        "suit": "♣",
      },
      {
        "count": 6,
        "rank": 5,
        "rankLabel": "6",
        "suit": "♣",
      },
      {
        "count": 7,
        "rank": 6,
        "rankLabel": "7",
        "suit": "♣",
      },
      {
        "count": 8,
        "rank": 7,
        "rankLabel": "8",
        "suit": "♣",
      },
      {
        "count": 9,
        "rank": 8,
        "rankLabel": "9",
        "suit": "♣",
      },
      {
        "count": 10,
        "rank": 9,
        "rankLabel": "10",
        "suit": "♣",
      },
      {
        "count": 10,
        "rank": 10,
        "rankLabel": "J",
        "suit": "♣",
      },
      {
        "count": 10,
        "rank": 11,
        "rankLabel": "Q",
        "suit": "♣",
      },
      {
        "count": 10,
        "rank": 12,
        "rankLabel": "K",
        "suit": "♣",
      },
      {
        "count": 1,
        "rank": 0,
        "rankLabel": "A",
        "suit": "♦",
      },
      {
        "count": 2,
        "rank": 1,
        "rankLabel": "2",
        "suit": "♦",
      },
      {
        "count": 3,
        "rank": 2,
        "rankLabel": "3",
        "suit": "♦",
      },
      {
        "count": 4,
        "rank": 3,
        "rankLabel": "4",
        "suit": "♦",
      },
      {
        "count": 5,
        "rank": 4,
        "rankLabel": "5",
        "suit": "♦",
      },
      {
        "count": 6,
        "rank": 5,
        "rankLabel": "6",
        "suit": "♦",
      },
      {
        "count": 7,
        "rank": 6,
        "rankLabel": "7",
        "suit": "♦",
      },
      {
        "count": 8,
        "rank": 7,
        "rankLabel": "8",
        "suit": "♦",
      },
      {
        "count": 9,
        "rank": 8,
        "rankLabel": "9",
        "suit": "♦",
      },
      {
        "count": 10,
        "rank": 9,
        "rankLabel": "10",
        "suit": "♦",
      },
      {
        "count": 10,
        "rank": 10,
        "rankLabel": "J",
        "suit": "♦",
      },
      {
        "count": 10,
        "rank": 11,
        "rankLabel": "Q",
        "suit": "♦",
      },
      {
        "count": 10,
        "rank": 12,
        "rankLabel": "K",
        "suit": "♦",
      },
      {
        "count": 1,
        "rank": 0,
        "rankLabel": "A",
        "suit": "♥",
      },
      {
        "count": 2,
        "rank": 1,
        "rankLabel": "2",
        "suit": "♥",
      },
      {
        "count": 3,
        "rank": 2,
        "rankLabel": "3",
        "suit": "♥",
      },
      {
        "count": 4,
        "rank": 3,
        "rankLabel": "4",
        "suit": "♥",
      },
      {
        "count": 5,
        "rank": 4,
        "rankLabel": "5",
        "suit": "♥",
      },
      {
        "count": 6,
        "rank": 5,
        "rankLabel": "6",
        "suit": "♥",
      },
      {
        "count": 7,
        "rank": 6,
        "rankLabel": "7",
        "suit": "♥",
      },
      {
        "count": 8,
        "rank": 7,
        "rankLabel": "8",
        "suit": "♥",
      },
      {
        "count": 9,
        "rank": 8,
        "rankLabel": "9",
        "suit": "♥",
      },
      {
        "count": 10,
        "rank": 9,
        "rankLabel": "10",
        "suit": "♥",
      },
      {
        "count": 10,
        "rank": 10,
        "rankLabel": "J",
        "suit": "♥",
      },
      {
        "count": 10,
        "rank": 11,
        "rankLabel": "Q",
        "suit": "♥",
      },
      {
        "count": 10,
        "rank": 12,
        "rankLabel": "K",
        "suit": "♥",
      },
      {
        "count": 1,
        "rank": 0,
        "rankLabel": "A",
        "suit": "♠",
      },
      {
        "count": 2,
        "rank": 1,
        "rankLabel": "2",
        "suit": "♠",
      },
      {
        "count": 3,
        "rank": 2,
        "rankLabel": "3",
        "suit": "♠",
      },
      {
        "count": 4,
        "rank": 3,
        "rankLabel": "4",
        "suit": "♠",
      },
      {
        "count": 5,
        "rank": 4,
        "rankLabel": "5",
        "suit": "♠",
      },
      {
        "count": 6,
        "rank": 5,
        "rankLabel": "6",
        "suit": "♠",
      },
      {
        "count": 7,
        "rank": 6,
        "rankLabel": "7",
        "suit": "♠",
      },
      {
        "count": 8,
        "rank": 7,
        "rankLabel": "8",
        "suit": "♠",
      },
      {
        "count": 9,
        "rank": 8,
        "rankLabel": "9",
        "suit": "♠",
      },
      {
        "count": 10,
        "rank": 9,
        "rankLabel": "10",
        "suit": "♠",
      },
      {
        "count": 10,
        "rank": 10,
        "rankLabel": "J",
        "suit": "♠",
      },
      {
        "count": 10,
        "rank": 11,
        "rankLabel": "Q",
        "suit": "♠",
      },
      {
        "count": 10,
        "rank": 12,
        "rankLabel": "K",
        "suit": "♠",
      },
    ],
    "fifteensPoints": 0,
    "flushesPoints": 0,
    "nobsPoints": 0,
    "pairsPoints": 0,
    "runsPoints": 0,
    "totalPoints": 0,
  },
]
`;

exports[`groupCutsByResults uses fifteens count when same rank appears in multiple categories plus zero-point group 1`] = `
[
  {
    "cutCount": 1,
    "cuts": [
      {
        "count": 5,
        "rank": 4,
        "rankLabel": "5",
        "suit": "♣",
      },
    ],
    "fifteensPoints": 2,
    "flushesPoints": 0,
    "nobsPoints": 0,
    "pairsPoints": 4,
    "runsPoints": 6,
    "totalPoints": 12,
  },
  {
    "cutCount": 51,
    "cuts": [
      {
        "count": 1,
        "rank": 0,
        "rankLabel": "A",
        "suit": "♣",
      },
      {
        "count": 2,
        "rank": 1,
        "rankLabel": "2",
        "suit": "♣",
      },
      {
        "count": 3,
        "rank": 2,
        "rankLabel": "3",
        "suit": "♣",
      },
      {
        "count": 4,
        "rank": 3,
        "rankLabel": "4",
        "suit": "♣",
      },
      {
        "count": 6,
        "rank": 5,
        "rankLabel": "6",
        "suit": "♣",
      },
      {
        "count": 7,
        "rank": 6,
        "rankLabel": "7",
        "suit": "♣",
      },
      {
        "count": 8,
        "rank": 7,
        "rankLabel": "8",
        "suit": "♣",
      },
      {
        "count": 9,
        "rank": 8,
        "rankLabel": "9",
        "suit": "♣",
      },
      {
        "count": 10,
        "rank": 9,
        "rankLabel": "10",
        "suit": "♣",
      },
      {
        "count": 10,
        "rank": 10,
        "rankLabel": "J",
        "suit": "♣",
      },
      {
        "count": 10,
        "rank": 11,
        "rankLabel": "Q",
        "suit": "♣",
      },
      {
        "count": 10,
        "rank": 12,
        "rankLabel": "K",
        "suit": "♣",
      },
      {
        "count": 1,
        "rank": 0,
        "rankLabel": "A",
        "suit": "♦",
      },
      {
        "count": 2,
        "rank": 1,
        "rankLabel": "2",
        "suit": "♦",
      },
      {
        "count": 3,
        "rank": 2,
        "rankLabel": "3",
        "suit": "♦",
      },
      {
        "count": 4,
        "rank": 3,
        "rankLabel": "4",
        "suit": "♦",
      },
      {
        "count": 5,
        "rank": 4,
        "rankLabel": "5",
        "suit": "♦",
      },
      {
        "count": 6,
        "rank": 5,
        "rankLabel": "6",
        "suit": "♦",
      },
      {
        "count": 7,
        "rank": 6,
        "rankLabel": "7",
        "suit": "♦",
      },
      {
        "count": 8,
        "rank": 7,
        "rankLabel": "8",
        "suit": "♦",
      },
      {
        "count": 9,
        "rank": 8,
        "rankLabel": "9",
        "suit": "♦",
      },
      {
        "count": 10,
        "rank": 9,
        "rankLabel": "10",
        "suit": "♦",
      },
      {
        "count": 10,
        "rank": 10,
        "rankLabel": "J",
        "suit": "♦",
      },
      {
        "count": 10,
        "rank": 11,
        "rankLabel": "Q",
        "suit": "♦",
      },
      {
        "count": 10,
        "rank": 12,
        "rankLabel": "K",
        "suit": "♦",
      },
      {
        "count": 1,
        "rank": 0,
        "rankLabel": "A",
        "suit": "♥",
      },
      {
        "count": 2,
        "rank": 1,
        "rankLabel": "2",
        "suit": "♥",
      },
      {
        "count": 3,
        "rank": 2,
        "rankLabel": "3",
        "suit": "♥",
      },
      {
        "count": 4,
        "rank": 3,
        "rankLabel": "4",
        "suit": "♥",
      },
      {
        "count": 5,
        "rank": 4,
        "rankLabel": "5",
        "suit": "♥",
      },
      {
        "count": 6,
        "rank": 5,
        "rankLabel": "6",
        "suit": "♥",
      },
      {
        "count": 7,
        "rank": 6,
        "rankLabel": "7",
        "suit": "♥",
      },
      {
        "count": 8,
        "rank": 7,
        "rankLabel": "8",
        "suit": "♥",
      },
      {
        "count": 9,
        "rank": 8,
        "rankLabel": "9",
        "suit": "♥",
      },
      {
        "count": 10,
        "rank": 9,
        "rankLabel": "10",
        "suit": "♥",
      },
      {
        "count": 10,
        "rank": 10,
        "rankLabel": "J",
        "suit": "♥",
      },
      {
        "count": 10,
        "rank": 11,
        "rankLabel": "Q",
        "suit": "♥",
      },
      {
        "count": 10,
        "rank": 12,
        "rankLabel": "K",
        "suit": "♥",
      },
      {
        "count": 1,
        "rank": 0,
        "rankLabel": "A",
        "suit": "♠",
      },
      {
        "count": 2,
        "rank": 1,
        "rankLabel": "2",
        "suit": "♠",
      },
      {
        "count": 3,
        "rank": 2,
        "rankLabel": "3",
        "suit": "♠",
      },
      {
        "count": 4,
        "rank": 3,
        "rankLabel": "4",
        "suit": "♠",
      },
      {
        "count": 5,
        "rank": 4,
        "rankLabel": "5",
        "suit": "♠",
      },
      {
        "count": 6,
        "rank": 5,
        "rankLabel": "6",
        "suit": "♠",
      },
      {
        "count": 7,
        "rank": 6,
        "rankLabel": "7",
        "suit": "♠",
      },
      {
        "count": 8,
        "rank": 7,
        "rankLabel": "8",
        "suit": "♠",
      },
      {
        "count": 9,
        "rank": 8,
        "rankLabel": "9",
        "suit": "♠",
      },
      {
        "count": 10,
        "rank": 9,
        "rankLabel": "10",
        "suit": "♠",
      },
      {
        "count": 10,
        "rank": 10,
        "rankLabel": "J",
        "suit": "♠",
      },
      {
        "count": 10,
        "rank": 11,
        "rankLabel": "Q",
        "suit": "♠",
      },
      {
        "count": 10,
        "rank": 12,
        "rankLabel": "K",
        "suit": "♠",
      },
    ],
    "fifteensPoints": 0,
    "flushesPoints": 0,
    "nobsPoints": 0,
    "pairsPoints": 0,
    "runsPoints": 0,
    "totalPoints": 0,
  },
]
`;
