// Jest Snapshot v1, https://jestjs.io/docs/snapshot-testing

exports[`allScoredKeepDiscardsByScoreDescending five card deal order deal 1`] = `
[
  {
    "discard": [
      {
        "count": 4,
        "rank": 3,
        "rankLabel": "4",
        "suit": "♠",
      },
      {
        "count": 3,
        "rank": 2,
        "rankLabel": "3",
        "suit": "♥",
      },
    ],
    "expectedHandPoints": 5.74468085106383,
    "expectedNetPoints": 10.46631822640267,
    "handPoints": 4,
    "keep": [
      {
        "count": 10,
        "rank": 9,
        "rankLabel": "10",
        "suit": "♦",
      },
      {
        "count": 10,
        "rank": 10,
        "rankLabel": "J",
        "suit": "♥",
      },
      {
        "count": 5,
        "rank": 4,
        "rankLabel": "5",
        "suit": "♣",
      },
    ],
    "signedExpectedCribPoints": 4.72163737533884,
  },
  {
    "discard": [
      {
        "count": 10,
        "rank": 10,
        "rankLabel": "J",
        "suit": "♥",
      },
      {
        "count": 10,
        "rank": 9,
        "rankLabel": "10",
        "suit": "♦",
      },
    ],
    "expectedHandPoints": 5.36170212765957,
    "expectedNetPoints": 9.79360857641938,
    "handPoints": 3,
    "keep": [
      {
        "count": 3,
        "rank": 2,
        "rankLabel": "3",
        "suit": "♥",
      },
      {
        "count": 5,
        "rank": 4,
        "rankLabel": "5",
        "suit": "♣",
      },
      {
        "count": 4,
        "rank": 3,
        "rankLabel": "4",
        "suit": "♠",
      },
    ],
    "signedExpectedCribPoints": 4.4319064487598,
  },
  {
    "discard": [
      {
        "count": 10,
        "rank": 10,
        "rankLabel": "J",
        "suit": "♥",
      },
      {
        "count": 5,
        "rank": 4,
        "rankLabel": "5",
        "suit": "♣",
      },
    ],
    "expectedHandPoints": 1.46808510638298,
    "expectedNetPoints": 8.39786961071157,
    "handPoints": 0,
    "keep": [
      {
        "count": 10,
        "rank": 9,
        "rankLabel": "10",
        "suit": "♦",
      },
      {
        "count": 3,
        "rank": 2,
        "rankLabel": "3",
        "suit": "♥",
      },
      {
        "count": 4,
        "rank": 3,
        "rankLabel": "4",
        "suit": "♠",
      },
    ],
    "signedExpectedCribPoints": 6.92978450432859,
  },
  {
    "discard": [
      {
        "count": 10,
        "rank": 9,
        "rankLabel": "10",
        "suit": "♦",
      },
      {
        "count": 5,
        "rank": 4,
        "rankLabel": "5",
        "suit": "♣",
      },
    ],
    "expectedHandPoints": 1.46808510638298,
    "expectedNetPoints": 8.05106574397792,
    "handPoints": 0,
    "keep": [
      {
        "count": 3,
        "rank": 2,
        "rankLabel": "3",
        "suit": "♥",
      },
      {
        "count": 10,
        "rank": 10,
        "rankLabel": "J",
        "suit": "♥",
      },
      {
        "count": 4,
        "rank": 3,
        "rankLabel": "4",
        "suit": "♠",
      },
    ],
    "signedExpectedCribPoints": 6.58298063759494,
  },
  {
    "discard": [
      {
        "count": 5,
        "rank": 4,
        "rankLabel": "5",
        "suit": "♣",
      },
      {
        "count": 4,
        "rank": 3,
        "rankLabel": "4",
        "suit": "♠",
      },
    ],
    "expectedHandPoints": 1.48936170212766,
    "expectedNetPoints": 7.86024007537773,
    "handPoints": 0,
    "keep": [
      {
        "count": 10,
        "rank": 9,
        "rankLabel": "10",
        "suit": "♦",
      },
      {
        "count": 3,
        "rank": 2,
        "rankLabel": "3",
        "suit": "♥",
      },
      {
        "count": 10,
        "rank": 10,
        "rankLabel": "J",
        "suit": "♥",
      },
    ],
    "signedExpectedCribPoints": 6.37087837325007,
  },
  {
    "discard": [
      {
        "count": 10,
        "rank": 10,
        "rankLabel": "J",
        "suit": "♥",
      },
      {
        "count": 3,
        "rank": 2,
        "rankLabel": "3",
        "suit": "♥",
      },
    ],
    "expectedHandPoints": 3.8936170212766,
    "expectedNetPoints": 7.71305345206419,
    "handPoints": 2,
    "keep": [
      {
        "count": 10,
        "rank": 9,
        "rankLabel": "10",
        "suit": "♦",
      },
      {
        "count": 5,
        "rank": 4,
        "rankLabel": "5",
        "suit": "♣",
      },
      {
        "count": 4,
        "rank": 3,
        "rankLabel": "4",
        "suit": "♠",
      },
    ],
    "signedExpectedCribPoints": 3.81943643078759,
  },
  {
    "discard": [
      {
        "count": 10,
        "rank": 10,
        "rankLabel": "J",
        "suit": "♥",
      },
      {
        "count": 4,
        "rank": 3,
        "rankLabel": "4",
        "suit": "♠",
      },
    ],
    "expectedHandPoints": 3.63829787234043,
    "expectedNetPoints": 7.43697195611059,
    "handPoints": 2,
    "keep": [
      {
        "count": 10,
        "rank": 9,
        "rankLabel": "10",
        "suit": "♦",
      },
      {
        "count": 3,
        "rank": 2,
        "rankLabel": "3",
        "suit": "♥",
      },
      {
        "count": 5,
        "rank": 4,
        "rankLabel": "5",
        "suit": "♣",
      },
    ],
    "signedExpectedCribPoints": 3.79867408377016,
  },
  {
    "discard": [
      {
        "count": 5,
        "rank": 4,
        "rankLabel": "5",
        "suit": "♣",
      },
      {
        "count": 3,
        "rank": 2,
        "rankLabel": "3",
        "suit": "♥",
      },
    ],
    "expectedHandPoints": 1.48936170212766,
    "expectedNetPoints": 7.40127830206273,
    "handPoints": 0,
    "keep": [
      {
        "count": 10,
        "rank": 9,
        "rankLabel": "10",
        "suit": "♦",
      },
      {
        "count": 10,
        "rank": 10,
        "rankLabel": "J",
        "suit": "♥",
      },
      {
        "count": 4,
        "rank": 3,
        "rankLabel": "4",
        "suit": "♠",
      },
    ],
    "signedExpectedCribPoints": 5.91191659993507,
  },
  {
    "discard": [
      {
        "count": 10,
        "rank": 9,
        "rankLabel": "10",
        "suit": "♦",
      },
      {
        "count": 3,
        "rank": 2,
        "rankLabel": "3",
        "suit": "♥",
      },
    ],
    "expectedHandPoints": 3.8936170212766,
    "expectedNetPoints": 7.39934403596156,
    "handPoints": 2,
    "keep": [
      {
        "count": 10,
        "rank": 10,
        "rankLabel": "J",
        "suit": "♥",
      },
      {
        "count": 5,
        "rank": 4,
        "rankLabel": "5",
        "suit": "♣",
      },
      {
        "count": 4,
        "rank": 3,
        "rankLabel": "4",
        "suit": "♠",
      },
    ],
    "signedExpectedCribPoints": 3.50572701468496,
  },
  {
    "discard": [
      {
        "count": 10,
        "rank": 9,
        "rankLabel": "10",
        "suit": "♦",
      },
      {
        "count": 4,
        "rank": 3,
        "rankLabel": "4",
        "suit": "♠",
      },
    ],
    "expectedHandPoints": 3.63829787234043,
    "expectedNetPoints": 7.1163903253442,
    "handPoints": 2,
    "keep": [
      {
        "count": 3,
        "rank": 2,
        "rankLabel": "3",
        "suit": "♥",
      },
      {
        "count": 10,
        "rank": 10,
        "rankLabel": "J",
        "suit": "♥",
      },
      {
        "count": 5,
        "rank": 4,
        "rankLabel": "5",
        "suit": "♣",
      },
    ],
    "signedExpectedCribPoints": 3.47809245300377,
  },
]
`;

exports[`allScoredKeepDiscardsByScoreDescending four card deal order deal 1`] = `
[
  {
    "discard": [
      {
        "count": 10,
        "rank": 9,
        "rankLabel": "10",
        "suit": "♦",
      },
      {
        "count": 5,
        "rank": 4,
        "rankLabel": "5",
        "suit": "♣",
      },
    ],
    "expectedHandPoints": 0.54166666666667,
    "expectedNetPoints": 7.16547355189898,
    "handPoints": 0,
    "keep": [
      {
        "count": 2,
        "rank": 1,
        "rankLabel": "2",
        "suit": "♦",
      },
      {
        "count": 8,
        "rank": 7,
        "rankLabel": "8",
        "suit": "♠",
      },
    ],
    "signedExpectedCribPoints": 6.62380688523232,
  },
  {
    "discard": [
      {
        "count": 8,
        "rank": 7,
        "rankLabel": "8",
        "suit": "♠",
      },
      {
        "count": 2,
        "rank": 1,
        "rankLabel": "2",
        "suit": "♦",
      },
    ],
    "expectedHandPoints": 3,
    "expectedNetPoints": 6.53787827879918,
    "handPoints": 2,
    "keep": [
      {
        "count": 10,
        "rank": 9,
        "rankLabel": "10",
        "suit": "♦",
      },
      {
        "count": 5,
        "rank": 4,
        "rankLabel": "5",
        "suit": "♣",
      },
    ],
    "signedExpectedCribPoints": 3.53787827879918,
  },
  {
    "discard": [
      {
        "count": 5,
        "rank": 4,
        "rankLabel": "5",
        "suit": "♣",
      },
      {
        "count": 2,
        "rank": 1,
        "rankLabel": "2",
        "suit": "♦",
      },
    ],
    "expectedHandPoints": 0.79166666666667,
    "expectedNetPoints": 6.19096242869012,
    "handPoints": 0,
    "keep": [
      {
        "count": 10,
        "rank": 9,
        "rankLabel": "10",
        "suit": "♦",
      },
      {
        "count": 8,
        "rank": 7,
        "rankLabel": "8",
        "suit": "♠",
      },
    ],
    "signedExpectedCribPoints": 5.39929576202346,
  },
  {
    "discard": [
      {
        "count": 8,
        "rank": 7,
        "rankLabel": "8",
        "suit": "♠",
      },
      {
        "count": 5,
        "rank": 4,
        "rankLabel": "5",
        "suit": "♣",
      },
    ],
    "expectedHandPoints": 0.54166666666667,
    "expectedNetPoints": 5.95488402082266,
    "handPoints": 0,
    "keep": [
      {
        "count": 10,
        "rank": 9,
        "rankLabel": "10",
        "suit": "♦",
      },
      {
        "count": 2,
        "rank": 1,
        "rankLabel": "2",
        "suit": "♦",
      },
    ],
    "signedExpectedCribPoints": 5.413217354156,
  },
  {
    "discard": [
      {
        "count": 10,
        "rank": 9,
        "rankLabel": "10",
        "suit": "♦",
      },
      {
        "count": 8,
        "rank": 7,
        "rankLabel": "8",
        "suit": "♠",
      },
    ],
    "expectedHandPoints": 1,
    "expectedNetPoints": 4.72202387135087,
    "handPoints": 0,
    "keep": [
      {
        "count": 2,
        "rank": 1,
        "rankLabel": "2",
        "suit": "♦",
      },
      {
        "count": 5,
        "rank": 4,
        "rankLabel": "5",
        "suit": "♣",
      },
    ],
    "signedExpectedCribPoints": 3.72202387135087,
  },
  {
    "discard": [
      {
        "count": 10,
        "rank": 9,
        "rankLabel": "10",
        "suit": "♦",
      },
      {
        "count": 2,
        "rank": 1,
        "rankLabel": "2",
        "suit": "♦",
      },
    ],
    "expectedHandPoints": 1.16666666666667,
    "expectedNetPoints": 4.62856237498574,
    "handPoints": 0,
    "keep": [
      {
        "count": 8,
        "rank": 7,
        "rankLabel": "8",
        "suit": "♠",
      },
      {
        "count": 5,
        "rank": 4,
        "rankLabel": "5",
        "suit": "♣",
      },
    ],
    "signedExpectedCribPoints": 3.46189570831908,
  },
]
`;

exports[`allScoredKeepDiscardsByScoreDescending six card deal with rank ties 1`] = `
[
  {
    "discard": [
      {
        "count": 3,
        "rank": 2,
        "rankLabel": "3",
        "suit": "♦",
      },
      {
        "count": 2,
        "rank": 1,
        "rankLabel": "2",
        "suit": "♦",
      },
    ],
    "expectedHandPoints": 11.08695652173913,
    "expectedNetPoints": 17.82408918750412,
    "handPoints": 8,
    "keep": [
      {
        "count": 1,
        "rank": 0,
        "rankLabel": "A",
        "suit": "♥",
      },
      {
        "count": 1,
        "rank": 0,
        "rankLabel": "A",
        "suit": "♦",
      },
      {
        "count": 2,
        "rank": 1,
        "rankLabel": "2",
        "suit": "♥",
      },
      {
        "count": 3,
        "rank": 2,
        "rankLabel": "3",
        "suit": "♥",
      },
    ],
    "signedExpectedCribPoints": 6.73713266576499,
  },
  {
    "discard": [
      {
        "count": 3,
        "rank": 2,
        "rankLabel": "3",
        "suit": "♥",
      },
      {
        "count": 2,
        "rank": 1,
        "rankLabel": "2",
        "suit": "♥",
      },
    ],
    "expectedHandPoints": 11.08695652173913,
    "expectedNetPoints": 17.82408918750412,
    "handPoints": 8,
    "keep": [
      {
        "count": 1,
        "rank": 0,
        "rankLabel": "A",
        "suit": "♥",
      },
      {
        "count": 1,
        "rank": 0,
        "rankLabel": "A",
        "suit": "♦",
      },
      {
        "count": 2,
        "rank": 1,
        "rankLabel": "2",
        "suit": "♦",
      },
      {
        "count": 3,
        "rank": 2,
        "rankLabel": "3",
        "suit": "♦",
      },
    ],
    "signedExpectedCribPoints": 6.73713266576499,
  },
  {
    "discard": [
      {
        "count": 3,
        "rank": 2,
        "rankLabel": "3",
        "suit": "♥",
      },
      {
        "count": 2,
        "rank": 1,
        "rankLabel": "2",
        "suit": "♦",
      },
    ],
    "expectedHandPoints": 11.08695652173913,
    "expectedNetPoints": 17.7483411297037,
    "handPoints": 8,
    "keep": [
      {
        "count": 1,
        "rank": 0,
        "rankLabel": "A",
        "suit": "♥",
      },
      {
        "count": 1,
        "rank": 0,
        "rankLabel": "A",
        "suit": "♦",
      },
      {
        "count": 2,
        "rank": 1,
        "rankLabel": "2",
        "suit": "♥",
      },
      {
        "count": 3,
        "rank": 2,
        "rankLabel": "3",
        "suit": "♦",
      },
    ],
    "signedExpectedCribPoints": 6.66138460796458,
  },
  {
    "discard": [
      {
        "count": 3,
        "rank": 2,
        "rankLabel": "3",
        "suit": "♦",
      },
      {
        "count": 2,
        "rank": 1,
        "rankLabel": "2",
        "suit": "♥",
      },
    ],
    "expectedHandPoints": 11.08695652173913,
    "expectedNetPoints": 17.7483411297037,
    "handPoints": 8,
    "keep": [
      {
        "count": 1,
        "rank": 0,
        "rankLabel": "A",
        "suit": "♥",
      },
      {
        "count": 1,
        "rank": 0,
        "rankLabel": "A",
        "suit": "♦",
      },
      {
        "count": 2,
        "rank": 1,
        "rankLabel": "2",
        "suit": "♦",
      },
      {
        "count": 3,
        "rank": 2,
        "rankLabel": "3",
        "suit": "♥",
      },
    ],
    "signedExpectedCribPoints": 6.66138460796458,
  },
  {
    "discard": [
      {
        "count": 3,
        "rank": 2,
        "rankLabel": "3",
        "suit": "♦",
      },
      {
        "count": 1,
        "rank": 0,
        "rankLabel": "A",
        "suit": "♦",
      },
    ],
    "expectedHandPoints": 11.95652173913043,
    "expectedNetPoints": 16.06997739345469,
    "handPoints": 8,
    "keep": [
      {
        "count": 1,
        "rank": 0,
        "rankLabel": "A",
        "suit": "♥",
      },
      {
        "count": 2,
        "rank": 1,
        "rankLabel": "2",
        "suit": "♥",
      },
      {
        "count": 2,
        "rank": 1,
        "rankLabel": "2",
        "suit": "♦",
      },
      {
        "count": 3,
        "rank": 2,
        "rankLabel": "3",
        "suit": "♥",
      },
    ],
    "signedExpectedCribPoints": 4.11345565432425,
  },
  {
    "discard": [
      {
        "count": 3,
        "rank": 2,
        "rankLabel": "3",
        "suit": "♥",
      },
      {
        "count": 1,
        "rank": 0,
        "rankLabel": "A",
        "suit": "♥",
      },
    ],
    "expectedHandPoints": 11.95652173913043,
    "expectedNetPoints": 16.06997739345469,
    "handPoints": 8,
    "keep": [
      {
        "count": 1,
        "rank": 0,
        "rankLabel": "A",
        "suit": "♦",
      },
      {
        "count": 2,
        "rank": 1,
        "rankLabel": "2",
        "suit": "♥",
      },
      {
        "count": 2,
        "rank": 1,
        "rankLabel": "2",
        "suit": "♦",
      },
      {
        "count": 3,
        "rank": 2,
        "rankLabel": "3",
        "suit": "♦",
      },
    ],
    "signedExpectedCribPoints": 4.11345565432425,
  },
  {
    "discard": [
      {
        "count": 3,
        "rank": 2,
        "rankLabel": "3",
        "suit": "♥",
      },
      {
        "count": 1,
        "rank": 0,
        "rankLabel": "A",
        "suit": "♦",
      },
    ],
    "expectedHandPoints": 11.95652173913043,
    "expectedNetPoints": 16.04153619898021,
    "handPoints": 8,
    "keep": [
      {
        "count": 1,
        "rank": 0,
        "rankLabel": "A",
        "suit": "♥",
      },
      {
        "count": 2,
        "rank": 1,
        "rankLabel": "2",
        "suit": "♥",
      },
      {
        "count": 2,
        "rank": 1,
        "rankLabel": "2",
        "suit": "♦",
      },
      {
        "count": 3,
        "rank": 2,
        "rankLabel": "3",
        "suit": "♦",
      },
    ],
    "signedExpectedCribPoints": 4.08501445984978,
  },
  {
    "discard": [
      {
        "count": 3,
        "rank": 2,
        "rankLabel": "3",
        "suit": "♦",
      },
      {
        "count": 1,
        "rank": 0,
        "rankLabel": "A",
        "suit": "♥",
      },
    ],
    "expectedHandPoints": 11.95652173913043,
    "expectedNetPoints": 16.04153619898021,
    "handPoints": 8,
    "keep": [
      {
        "count": 1,
        "rank": 0,
        "rankLabel": "A",
        "suit": "♦",
      },
      {
        "count": 2,
        "rank": 1,
        "rankLabel": "2",
        "suit": "♥",
      },
      {
        "count": 2,
        "rank": 1,
        "rankLabel": "2",
        "suit": "♦",
      },
      {
        "count": 3,
        "rank": 2,
        "rankLabel": "3",
        "suit": "♥",
      },
    ],
    "signedExpectedCribPoints": 4.08501445984978,
  },
  {
    "discard": [
      {
        "count": 2,
        "rank": 1,
        "rankLabel": "2",
        "suit": "♦",
      },
      {
        "count": 1,
        "rank": 0,
        "rankLabel": "A",
        "suit": "♦",
      },
    ],
    "expectedHandPoints": 11.60869565217391,
    "expectedNetPoints": 15.48234929301636,
    "handPoints": 8,
    "keep": [
      {
        "count": 1,
        "rank": 0,
        "rankLabel": "A",
        "suit": "♥",
      },
      {
        "count": 2,
        "rank": 1,
        "rankLabel": "2",
        "suit": "♥",
      },
      {
        "count": 3,
        "rank": 2,
        "rankLabel": "3",
        "suit": "♥",
      },
      {
        "count": 3,
        "rank": 2,
        "rankLabel": "3",
        "suit": "♦",
      },
    ],
    "signedExpectedCribPoints": 3.87365364084245,
  },
  {
    "discard": [
      {
        "count": 2,
        "rank": 1,
        "rankLabel": "2",
        "suit": "♥",
      },
      {
        "count": 1,
        "rank": 0,
        "rankLabel": "A",
        "suit": "♥",
      },
    ],
    "expectedHandPoints": 11.60869565217391,
    "expectedNetPoints": 15.48234929301636,
    "handPoints": 8,
    "keep": [
      {
        "count": 1,
        "rank": 0,
        "rankLabel": "A",
        "suit": "♦",
      },
      {
        "count": 2,
        "rank": 1,
        "rankLabel": "2",
        "suit": "♦",
      },
      {
        "count": 3,
        "rank": 2,
        "rankLabel": "3",
        "suit": "♥",
      },
      {
        "count": 3,
        "rank": 2,
        "rankLabel": "3",
        "suit": "♦",
      },
    ],
    "signedExpectedCribPoints": 3.87365364084245,
  },
  {
    "discard": [
      {
        "count": 2,
        "rank": 1,
        "rankLabel": "2",
        "suit": "♥",
      },
      {
        "count": 1,
        "rank": 0,
        "rankLabel": "A",
        "suit": "♦",
      },
    ],
    "expectedHandPoints": 11.60869565217391,
    "expectedNetPoints": 15.42980404288233,
    "handPoints": 8,
    "keep": [
      {
        "count": 1,
        "rank": 0,
        "rankLabel": "A",
        "suit": "♥",
      },
      {
        "count": 2,
        "rank": 1,
        "rankLabel": "2",
        "suit": "♦",
      },
      {
        "count": 3,
        "rank": 2,
        "rankLabel": "3",
        "suit": "♥",
      },
      {
        "count": 3,
        "rank": 2,
        "rankLabel": "3",
        "suit": "♦",
      },
    ],
    "signedExpectedCribPoints": 3.82110839070842,
  },
  {
    "discard": [
      {
        "count": 2,
        "rank": 1,
        "rankLabel": "2",
        "suit": "♦",
      },
      {
        "count": 1,
        "rank": 0,
        "rankLabel": "A",
        "suit": "♥",
      },
    ],
    "expectedHandPoints": 11.60869565217391,
    "expectedNetPoints": 15.42980404288233,
    "handPoints": 8,
    "keep": [
      {
        "count": 1,
        "rank": 0,
        "rankLabel": "A",
        "suit": "♦",
      },
      {
        "count": 2,
        "rank": 1,
        "rankLabel": "2",
        "suit": "♥",
      },
      {
        "count": 3,
        "rank": 2,
        "rankLabel": "3",
        "suit": "♥",
      },
      {
        "count": 3,
        "rank": 2,
        "rankLabel": "3",
        "suit": "♦",
      },
    ],
    "signedExpectedCribPoints": 3.82110839070842,
  },
  {
    "discard": [
      {
        "count": 1,
        "rank": 0,
        "rankLabel": "A",
        "suit": "♥",
      },
      {
        "count": 1,
        "rank": 0,
        "rankLabel": "A",
        "suit": "♦",
      },
    ],
    "expectedHandPoints": 9.73913043478261,
    "expectedNetPoints": 14.87035831797632,
    "handPoints": 4,
    "keep": [
      {
        "count": 2,
        "rank": 1,
        "rankLabel": "2",
        "suit": "♥",
      },
      {
        "count": 2,
        "rank": 1,
        "rankLabel": "2",
        "suit": "♦",
      },
      {
        "count": 3,
        "rank": 2,
        "rankLabel": "3",
        "suit": "♥",
      },
      {
        "count": 3,
        "rank": 2,
        "rankLabel": "3",
        "suit": "♦",
      },
    ],
    "signedExpectedCribPoints": 5.13122788319371,
  },
  {
    "discard": [
      {
        "count": 2,
        "rank": 1,
        "rankLabel": "2",
        "suit": "♥",
      },
      {
        "count": 2,
        "rank": 1,
        "rankLabel": "2",
        "suit": "♦",
      },
    ],
    "expectedHandPoints": 6.95652173913044,
    "expectedNetPoints": 12.33484855191279,
    "handPoints": 4,
    "keep": [
      {
        "count": 1,
        "rank": 0,
        "rankLabel": "A",
        "suit": "♥",
      },
      {
        "count": 1,
        "rank": 0,
        "rankLabel": "A",
        "suit": "♦",
      },
      {
        "count": 3,
        "rank": 2,
        "rankLabel": "3",
        "suit": "♥",
      },
      {
        "count": 3,
        "rank": 2,
        "rankLabel": "3",
        "suit": "♦",
      },
    ],
    "signedExpectedCribPoints": 5.37832681278235,
  },
  {
    "discard": [
      {
        "count": 3,
        "rank": 2,
        "rankLabel": "3",
        "suit": "♥",
      },
      {
        "count": 3,
        "rank": 2,
        "rankLabel": "3",
        "suit": "♦",
      },
    ],
    "expectedHandPoints": 6.43478260869565,
    "expectedNetPoints": 12.05821583015272,
    "handPoints": 4,
    "keep": [
      {
        "count": 1,
        "rank": 0,
        "rankLabel": "A",
        "suit": "♥",
      },
      {
        "count": 1,
        "rank": 0,
        "rankLabel": "A",
        "suit": "♦",
      },
      {
        "count": 2,
        "rank": 1,
        "rankLabel": "2",
        "suit": "♥",
      },
      {
        "count": 2,
        "rank": 1,
        "rankLabel": "2",
        "suit": "♦",
      },
    ],
    "signedExpectedCribPoints": 5.62343322145706,
  },
]
`;

exports[`allScoredKeepDiscardsByScoreDescending six card descending rank order deal 1`] = `
[
  {
    "discard": [
      {
        "count": 6,
        "rank": 5,
        "rankLabel": "6",
        "suit": "♦",
      },
      {
        "count": 4,
        "rank": 3,
        "rankLabel": "4",
        "suit": "♠",
      },
    ],
    "expectedHandPoints": 11.41304347826087,
    "expectedNetPoints": 15.15324617800265,
    "handPoints": 9,
    "keep": [
      {
        "count": 10,
        "rank": 12,
        "rankLabel": "K",
        "suit": "♣",
      },
      {
        "count": 10,
        "rank": 11,
        "rankLabel": "Q",
        "suit": "♠",
      },
      {
        "count": 10,
        "rank": 10,
        "rankLabel": "J",
        "suit": "♥",
      },
      {
        "count": 5,
        "rank": 4,
        "rankLabel": "5",
        "suit": "♣",
      },
    ],
    "signedExpectedCribPoints": 3.74020269974178,
  },
  {
    "discard": [
      {
        "count": 10,
        "rank": 11,
        "rankLabel": "Q",
        "suit": "♠",
      },
      {
        "count": 10,
        "rank": 10,
        "rankLabel": "J",
        "suit": "♥",
      },
    ],
    "expectedHandPoints": 9.71739130434783,
    "expectedNetPoints": 14.41277841265152,
    "handPoints": 7,
    "keep": [
      {
        "count": 10,
        "rank": 12,
        "rankLabel": "K",
        "suit": "♣",
      },
      {
        "count": 6,
        "rank": 5,
        "rankLabel": "6",
        "suit": "♦",
      },
      {
        "count": 5,
        "rank": 4,
        "rankLabel": "5",
        "suit": "♣",
      },
      {
        "count": 4,
        "rank": 3,
        "rankLabel": "4",
        "suit": "♠",
      },
    ],
    "signedExpectedCribPoints": 4.69538710830369,
  },
  {
    "discard": [
      {
        "count": 10,
        "rank": 12,
        "rankLabel": "K",
        "suit": "♣",
      },
      {
        "count": 10,
        "rank": 10,
        "rankLabel": "J",
        "suit": "♥",
      },
    ],
    "expectedHandPoints": 9.71739130434783,
    "expectedNetPoints": 13.58701943208012,
    "handPoints": 7,
    "keep": [
      {
        "count": 10,
        "rank": 11,
        "rankLabel": "Q",
        "suit": "♠",
      },
      {
        "count": 6,
        "rank": 5,
        "rankLabel": "6",
        "suit": "♦",
      },
      {
        "count": 5,
        "rank": 4,
        "rankLabel": "5",
        "suit": "♣",
      },
      {
        "count": 4,
        "rank": 3,
        "rankLabel": "4",
        "suit": "♠",
      },
    ],
    "signedExpectedCribPoints": 3.86962812773229,
  },
  {
    "discard": [
      {
        "count": 10,
        "rank": 12,
        "rankLabel": "K",
        "suit": "♣",
      },
      {
        "count": 10,
        "rank": 11,
        "rankLabel": "Q",
        "suit": "♠",
      },
    ],
    "expectedHandPoints": 9.97826086956522,
    "expectedNetPoints": 13.24947055771874,
    "handPoints": 7,
    "keep": [
      {
        "count": 10,
        "rank": 10,
        "rankLabel": "J",
        "suit": "♥",
      },
      {
        "count": 6,
        "rank": 5,
        "rankLabel": "6",
        "suit": "♦",
      },
      {
        "count": 5,
        "rank": 4,
        "rankLabel": "5",
        "suit": "♣",
      },
      {
        "count": 4,
        "rank": 3,
        "rankLabel": "4",
        "suit": "♠",
      },
    ],
    "signedExpectedCribPoints": 3.27120968815352,
  },
  {
    "discard": [
      {
        "count": 6,
        "rank": 5,
        "rankLabel": "6",
        "suit": "♦",
      },
      {
        "count": 5,
        "rank": 4,
        "rankLabel": "5",
        "suit": "♣",
      },
    ],
    "expectedHandPoints": 5.3695652173913,
    "expectedNetPoints": 11.87005207002116,
    "handPoints": 3,
    "keep": [
      {
        "count": 10,
        "rank": 12,
        "rankLabel": "K",
        "suit": "♣",
      },
      {
        "count": 10,
        "rank": 11,
        "rankLabel": "Q",
        "suit": "♠",
      },
      {
        "count": 10,
        "rank": 10,
        "rankLabel": "J",
        "suit": "♥",
      },
      {
        "count": 4,
        "rank": 3,
        "rankLabel": "4",
        "suit": "♠",
      },
    ],
    "signedExpectedCribPoints": 6.50048685262986,
  },
  {
    "discard": [
      {
        "count": 5,
        "rank": 4,
        "rankLabel": "5",
        "suit": "♣",
      },
      {
        "count": 4,
        "rank": 3,
        "rankLabel": "4",
        "suit": "♠",
      },
    ],
    "expectedHandPoints": 5.02173913043478,
    "expectedNetPoints": 11.36099593430162,
    "handPoints": 3,
    "keep": [
      {
        "count": 10,
        "rank": 12,
        "rankLabel": "K",
        "suit": "♣",
      },
      {
        "count": 10,
        "rank": 11,
        "rankLabel": "Q",
        "suit": "♠",
      },
      {
        "count": 10,
        "rank": 10,
        "rankLabel": "J",
        "suit": "♥",
      },
      {
        "count": 6,
        "rank": 5,
        "rankLabel": "6",
        "suit": "♦",
      },
    ],
    "signedExpectedCribPoints": 6.33925680386684,
  },
  {
    "discard": [
      {
        "count": 10,
        "rank": 12,
        "rankLabel": "K",
        "suit": "♣",
      },
      {
        "count": 4,
        "rank": 3,
        "rankLabel": "4",
        "suit": "♠",
      },
    ],
    "expectedHandPoints": 6.82608695652174,
    "expectedNetPoints": 10.34777675478551,
    "handPoints": 4,
    "keep": [
      {
        "count": 10,
        "rank": 11,
        "rankLabel": "Q",
        "suit": "♠",
      },
      {
        "count": 10,
        "rank": 10,
        "rankLabel": "J",
        "suit": "♥",
      },
      {
        "count": 6,
        "rank": 5,
        "rankLabel": "6",
        "suit": "♦",
      },
      {
        "count": 5,
        "rank": 4,
        "rankLabel": "5",
        "suit": "♣",
      },
    ],
    "signedExpectedCribPoints": 3.52168979826378,
  },
  {
    "discard": [
      {
        "count": 10,
        "rank": 10,
        "rankLabel": "J",
        "suit": "♥",
      },
      {
        "count": 4,
        "rank": 3,
        "rankLabel": "4",
        "suit": "♠",
      },
    ],
    "expectedHandPoints": 6.30434782608696,
    "expectedNetPoints": 10.15387591892683,
    "handPoints": 4,
    "keep": [
      {
        "count": 10,
        "rank": 12,
        "rankLabel": "K",
        "suit": "♣",
      },
      {
        "count": 10,
        "rank": 11,
        "rankLabel": "Q",
        "suit": "♠",
      },
      {
        "count": 6,
        "rank": 5,
        "rankLabel": "6",
        "suit": "♦",
      },
      {
        "count": 5,
        "rank": 4,
        "rankLabel": "5",
        "suit": "♣",
      },
    ],
    "signedExpectedCribPoints": 3.84952809283988,
  },
  {
    "discard": [
      {
        "count": 10,
        "rank": 11,
        "rankLabel": "Q",
        "suit": "♠",
      },
      {
        "count": 4,
        "rank": 3,
        "rankLabel": "4",
        "suit": "♠",
      },
    ],
    "expectedHandPoints": 6.56521739130435,
    "expectedNetPoints": 10.126373413913,
    "handPoints": 4,
    "keep": [
      {
        "count": 10,
        "rank": 12,
        "rankLabel": "K",
        "suit": "♣",
      },
      {
        "count": 10,
        "rank": 10,
        "rankLabel": "J",
        "suit": "♥",
      },
      {
        "count": 6,
        "rank": 5,
        "rankLabel": "6",
        "suit": "♦",
      },
      {
        "count": 5,
        "rank": 4,
        "rankLabel": "5",
        "suit": "♣",
      },
    ],
    "signedExpectedCribPoints": 3.56115602260865,
  },
  {
    "discard": [
      {
        "count": 10,
        "rank": 12,
        "rankLabel": "K",
        "suit": "♣",
      },
      {
        "count": 6,
        "rank": 5,
        "rankLabel": "6",
        "suit": "♦",
      },
    ],
    "expectedHandPoints": 7,
    "expectedNetPoints": 10.02463181948078,
    "handPoints": 4,
    "keep": [
      {
        "count": 10,
        "rank": 11,
        "rankLabel": "Q",
        "suit": "♠",
      },
      {
        "count": 10,
        "rank": 10,
        "rankLabel": "J",
        "suit": "♥",
      },
      {
        "count": 5,
        "rank": 4,
        "rankLabel": "5",
        "suit": "♣",
      },
      {
        "count": 4,
        "rank": 3,
        "rankLabel": "4",
        "suit": "♠",
      },
    ],
    "signedExpectedCribPoints": 3.02463181948078,
  },
  {
    "discard": [
      {
        "count": 10,
        "rank": 10,
        "rankLabel": "J",
        "suit": "♥",
      },
      {
        "count": 6,
        "rank": 5,
        "rankLabel": "6",
        "suit": "♦",
      },
    ],
    "expectedHandPoints": 6.47826086956522,
    "expectedNetPoints": 9.80321970105804,
    "handPoints": 4,
    "keep": [
      {
        "count": 10,
        "rank": 12,
        "rankLabel": "K",
        "suit": "♣",
      },
      {
        "count": 10,
        "rank": 11,
        "rankLabel": "Q",
        "suit": "♠",
      },
      {
        "count": 5,
        "rank": 4,
        "rankLabel": "5",
        "suit": "♣",
      },
      {
        "count": 4,
        "rank": 3,
        "rankLabel": "4",
        "suit": "♠",
      },
    ],
    "signedExpectedCribPoints": 3.32495883149282,
  },
  {
    "discard": [
      {
        "count": 10,
        "rank": 11,
        "rankLabel": "Q",
        "suit": "♠",
      },
      {
        "count": 6,
        "rank": 5,
        "rankLabel": "6",
        "suit": "♦",
      },
    ],
    "expectedHandPoints": 6.73913043478261,
    "expectedNetPoints": 9.73152247677152,
    "handPoints": 4,
    "keep": [
      {
        "count": 10,
        "rank": 12,
        "rankLabel": "K",
        "suit": "♣",
      },
      {
        "count": 10,
        "rank": 10,
        "rankLabel": "J",
        "suit": "♥",
      },
      {
        "count": 5,
        "rank": 4,
        "rankLabel": "5",
        "suit": "♣",
      },
      {
        "count": 4,
        "rank": 3,
        "rankLabel": "4",
        "suit": "♠",
      },
    ],
    "signedExpectedCribPoints": 2.99239204198891,
  },
  {
    "discard": [
      {
        "count": 10,
        "rank": 12,
        "rankLabel": "K",
        "suit": "♣",
      },
      {
        "count": 5,
        "rank": 4,
        "rankLabel": "5",
        "suit": "♣",
      },
    ],
    "expectedHandPoints": 2.34782608695652,
    "expectedNetPoints": 8.94216201343943,
    "handPoints": 0,
    "keep": [
      {
        "count": 10,
        "rank": 11,
        "rankLabel": "Q",
        "suit": "♠",
      },
      {
        "count": 10,
        "rank": 10,
        "rankLabel": "J",
        "suit": "♥",
      },
      {
        "count": 6,
        "rank": 5,
        "rankLabel": "6",
        "suit": "♦",
      },
      {
        "count": 4,
        "rank": 3,
        "rankLabel": "4",
        "suit": "♠",
      },
    ],
    "signedExpectedCribPoints": 6.59433592648291,
  },
  {
    "discard": [
      {
        "count": 10,
        "rank": 10,
        "rankLabel": "J",
        "suit": "♥",
      },
      {
        "count": 5,
        "rank": 4,
        "rankLabel": "5",
        "suit": "♣",
      },
    ],
    "expectedHandPoints": 1.82608695652174,
    "expectedNetPoints": 8.75196818405434,
    "handPoints": 0,
    "keep": [
      {
        "count": 10,
        "rank": 12,
        "rankLabel": "K",
        "suit": "♣",
      },
      {
        "count": 10,
        "rank": 11,
        "rankLabel": "Q",
        "suit": "♠",
      },
      {
        "count": 6,
        "rank": 5,
        "rankLabel": "6",
        "suit": "♦",
      },
      {
        "count": 4,
        "rank": 3,
        "rankLabel": "4",
        "suit": "♠",
      },
    ],
    "signedExpectedCribPoints": 6.9258812275326,
  },
  {
    "discard": [
      {
        "count": 10,
        "rank": 11,
        "rankLabel": "Q",
        "suit": "♠",
      },
      {
        "count": 5,
        "rank": 4,
        "rankLabel": "5",
        "suit": "♣",
      },
    ],
    "expectedHandPoints": 2.08695652173913,
    "expectedNetPoints": 8.63985644623159,
    "handPoints": 0,
    "keep": [
      {
        "count": 10,
        "rank": 12,
        "rankLabel": "K",
        "suit": "♣",
      },
      {
        "count": 10,
        "rank": 10,
        "rankLabel": "J",
        "suit": "♥",
      },
      {
        "count": 6,
        "rank": 5,
        "rankLabel": "6",
        "suit": "♦",
      },
      {
        "count": 4,
        "rank": 3,
        "rankLabel": "4",
        "suit": "♠",
      },
    ],
    "signedExpectedCribPoints": 6.55289992449246,
  },
]
`;

exports[`allScoredKeepDiscardsByScoreDescending three card deal order deal 1`] = `
[
  {
    "discard": [
      {
        "count": 10,
        "rank": 10,
        "rankLabel": "J",
        "suit": "♥",
      },
      {
        "count": 5,
        "rank": 4,
        "rankLabel": "5",
        "suit": "♣",
      },
    ],
    "expectedHandPoints": 0.12244897959184,
    "expectedNetPoints": 7.06821175430681,
    "handPoints": 0,
    "keep": [
      {
        "count": 4,
        "rank": 3,
        "rankLabel": "4",
        "suit": "♠",
      },
    ],
    "signedExpectedCribPoints": 6.94576277471497,
  },
  {
    "discard": [
      {
        "count": 5,
        "rank": 4,
        "rankLabel": "5",
        "suit": "♣",
      },
      {
        "count": 4,
        "rank": 3,
        "rankLabel": "4",
        "suit": "♠",
      },
    ],
    "expectedHandPoints": 0.24489795918367,
    "expectedNetPoints": 6.64599480722621,
    "handPoints": 0,
    "keep": [
      {
        "count": 10,
        "rank": 10,
        "rankLabel": "J",
        "suit": "♥",
      },
    ],
    "signedExpectedCribPoints": 6.40109684804253,
  },
  {
    "discard": [
      {
        "count": 10,
        "rank": 10,
        "rankLabel": "J",
        "suit": "♥",
      },
      {
        "count": 4,
        "rank": 3,
        "rankLabel": "4",
        "suit": "♠",
      },
    ],
    "expectedHandPoints": 0.73469387755102,
    "expectedNetPoints": 4.53339490889204,
    "handPoints": 0,
    "keep": [
      {
        "count": 5,
        "rank": 4,
        "rankLabel": "5",
        "suit": "♣",
      },
    ],
    "signedExpectedCribPoints": 3.79870103134102,
  },
]
`;

exports[`allScoredKeepDiscardsByScoreDescending two card deal order deal 1`] = `
[
  {
    "discard": [
      {
        "count": 2,
        "rank": 1,
        "rankLabel": "2",
        "suit": "♦",
      },
      {
        "count": 1,
        "rank": 0,
        "rankLabel": "A",
        "suit": "♣",
      },
    ],
    "expectedHandPoints": 0,
    "expectedNetPoints": 4.09067499239101,
    "handPoints": 0,
    "keep": [],
    "signedExpectedCribPoints": 4.09067499239101,
  },
]
`;
